Component: ARM Compiler 5.06 update 6 (build 750) Tool: armlink [4d35ed]

==============================================================================

Section Cross References

    startup_stm32f407xx.o(RESET) refers to startup_stm32f407xx.o(STACK) for __initial_sp
    startup_stm32f407xx.o(RESET) refers to startup_stm32f407xx.o(.text) for Reset_Handler
    startup_stm32f407xx.o(RESET) refers to stm32f4xx_it.o(i.SysTick_Handler) for SysTick_Handler
    startup_stm32f407xx.o(RESET) refers to stm32f4xx_it.o(i.TIM3_IRQHandler) for TIM3_IRQHandler
    startup_stm32f407xx.o(RESET) refers to stm32f4xx_it.o(i.USART3_IRQHandler) for USART3_IRQHandler
    startup_stm32f407xx.o(RESET) refers to stm32f4xx_it.o(i.TIM6_DAC_IRQHandler) for TIM6_DAC_IRQHandler
    startup_stm32f407xx.o(.text) refers to system_stm32f4xx.o(i.SystemInit) for SystemInit
    startup_stm32f407xx.o(.text) refers to entry.o(.ARM.Collect$$$$00000000) for __main
    main.o(i.HAL_TIM_PeriodElapsedCallback) refers to motor_tim.o(i.TIM_PeriodElapsedCustomCallback) for TIM_PeriodElapsedCustomCallback
    main.o(i.HAL_TIM_PeriodElapsedCallback) refers to stm32f4xx_hal.o(i.HAL_IncTick) for HAL_IncTick
    main.o(i.MX_GPIO_Init) refers to memseta.o(.text) for __aeabi_memclr4
    main.o(i.MX_GPIO_Init) refers to stm32f4xx_hal_gpio.o(i.HAL_GPIO_WritePin) for HAL_GPIO_WritePin
    main.o(i.MX_GPIO_Init) refers to stm32f4xx_hal_gpio.o(i.HAL_GPIO_Init) for HAL_GPIO_Init
    main.o(i.MX_TIM3_Init) refers to memseta.o(.text) for __aeabi_memclr4
    main.o(i.MX_TIM3_Init) refers to stm32f4xx_hal_tim.o(i.HAL_TIM_Base_Init) for HAL_TIM_Base_Init
    main.o(i.MX_TIM3_Init) refers to stm32f4xx_hal_tim.o(i.HAL_TIM_IC_Init) for HAL_TIM_IC_Init
    main.o(i.MX_TIM3_Init) refers to stm32f4xx_hal_tim.o(i.HAL_TIM_SlaveConfigSynchro) for HAL_TIM_SlaveConfigSynchro
    main.o(i.MX_TIM3_Init) refers to stm32f4xx_hal_tim_ex.o(i.HAL_TIMEx_MasterConfigSynchronization) for HAL_TIMEx_MasterConfigSynchronization
    main.o(i.MX_TIM3_Init) refers to stm32f4xx_hal_tim.o(i.HAL_TIM_IC_ConfigChannel) for HAL_TIM_IC_ConfigChannel
    main.o(i.MX_TIM3_Init) refers to main.o(.bss) for .bss
    main.o(i.MX_TIM4_Init) refers to memseta.o(.text) for __aeabi_memclr4
    main.o(i.MX_TIM4_Init) refers to stm32f4xx_hal_tim.o(i.HAL_TIM_PWM_Init) for HAL_TIM_PWM_Init
    main.o(i.MX_TIM4_Init) refers to stm32f4xx_hal_tim_ex.o(i.HAL_TIMEx_MasterConfigSynchronization) for HAL_TIMEx_MasterConfigSynchronization
    main.o(i.MX_TIM4_Init) refers to stm32f4xx_hal_tim.o(i.HAL_TIM_PWM_ConfigChannel) for HAL_TIM_PWM_ConfigChannel
    main.o(i.MX_TIM4_Init) refers to stm32f4xx_hal_msp.o(i.HAL_TIM_MspPostInit) for HAL_TIM_MspPostInit
    main.o(i.MX_TIM4_Init) refers to main.o(.bss) for .bss
    main.o(i.SystemClock_Config) refers to memseta.o(.text) for __aeabi_memclr4
    main.o(i.SystemClock_Config) refers to stm32f4xx_hal_rcc.o(i.HAL_RCC_OscConfig) for HAL_RCC_OscConfig
    main.o(i.SystemClock_Config) refers to stm32f4xx_hal_rcc.o(i.HAL_RCC_ClockConfig) for HAL_RCC_ClockConfig
    main.o(i.main) refers to stm32f4xx_hal.o(i.HAL_Init) for HAL_Init
    main.o(i.main) refers to main.o(i.SystemClock_Config) for SystemClock_Config
    main.o(i.main) refers to main.o(i.MX_GPIO_Init) for MX_GPIO_Init
    main.o(i.main) refers to main.o(i.MX_TIM4_Init) for MX_TIM4_Init
    main.o(i.main) refers to main.o(i.MX_TIM3_Init) for MX_TIM3_Init
    main.o(i.main) refers to stm32f4xx_hal_uart.o(i.HAL_UART_Init) for HAL_UART_Init
    main.o(i.main) refers to dfltui.o(.text) for __aeabi_ui2d
    main.o(i.main) refers to ddiv.o(.text) for __aeabi_ddiv
    main.o(i.main) refers to dfixui.o(.text) for __aeabi_d2uiz
    main.o(i.main) refers to main.o(i.SysTick_Config) for SysTick_Config
    main.o(i.main) refers to ext_work.o(i.rtParseArgsForExtMode) for rtParseArgsForExtMode
    main.o(i.main) refers to motor.o(i.motor_initialize) for motor_initialize
    main.o(i.main) refers to ext_work.o(i.rtSetTFinalForExtMode) for rtSetTFinalForExtMode
    main.o(i.main) refers to ext_work.o(i.rtExtModeCheckInit) for rtExtModeCheckInit
    main.o(i.main) refers to ext_work.o(i.rtExtModeWaitForStartPkt) for rtExtModeWaitForStartPkt
    main.o(i.main) refers to ext_work.o(i.rtERTExtModeStartMsg) for rtERTExtModeStartMsg
    main.o(i.main) refers to ext_work.o(i.rtExtModeOneStep) for rtExtModeOneStep
    main.o(i.main) refers to motor.o(i.motor_step) for motor_step
    main.o(i.main) refers to main.o(.bss) for .bss
    main.o(i.main) refers to system_stm32f4xx.o(.data) for SystemCoreClock
    main.o(i.main) refers to main.o(.data) for .data
    main.o(i.main) refers to motor.o(.constdata) for motor_M
    stm32f4xx_it.o(i.SysTick_Handler) refers to main.o(.data) for remainAutoReloadTimerLoopVal_S
    stm32f4xx_it.o(i.TIM3_IRQHandler) refers to stm32f4xx_hal_tim.o(i.HAL_TIM_IRQHandler) for HAL_TIM_IRQHandler
    stm32f4xx_it.o(i.TIM3_IRQHandler) refers to main.o(.bss) for htim3
[...]
    i.HAL_RCC_GetPCLK2Freq                   0x080015d4   Section        0  stm32f4xx_hal_rcc.o(i.HAL_RCC_GetPCLK2Freq)
    i.HAL_RCC_GetSysClockFreq                0x080015f4   Section        0  stm32f4xx_hal_rcc.o(i.HAL_RCC_GetSysClockFreq)
    i.HAL_RCC_OscConfig                      0x08001654   Section        0  stm32f4xx_hal_rcc.o(i.HAL_RCC_OscConfig)
    i.HAL_TIMEx_BreakCallback                0x0800199c   Section        0  stm32f4xx_hal_tim_ex.o(i.HAL_TIMEx_BreakCallback)
    i.HAL_TIMEx_CommutCallback               0x0800199e   Section        0  stm32f4xx_hal_tim_ex.o(i.HAL_TIMEx_CommutCallback)
    i.HAL_TIMEx_MasterConfigSynchronization  0x080019a0   Section        0  stm32f4xx_hal_tim_ex.o(i.HAL_TIMEx_MasterConfigSynchronization)
    i.HAL_TIM_Base_Init                      0x08001a30   Section        0  stm32f4xx_hal_tim.o(i.HAL_TIM_Base_Init)
    i.HAL_TIM_Base_MspInit                   0x08001a68   Section        0  stm32f4xx_hal_msp.o(i.HAL_TIM_Base_MspInit)
    i.HAL_TIM_Base_Start_IT                  0x08001adc   Section        0  stm32f4xx_hal_tim.o(i.HAL_TIM_Base_Start_IT)
    i.HAL_TIM_GenerateEvent                  0x08001afe   Section        0  stm32f4xx_hal_tim.o(i.HAL_TIM_GenerateEvent)
    i.HAL_TIM_IC_CaptureCallback             0x08001b24   Section        0  motor_tim.o(i.HAL_TIM_IC_CaptureCallback)
    i.HAL_TIM_IC_ConfigChannel               0x08001c6c   Section        0  stm32f4xx_hal_tim.o(i.HAL_TIM_IC_ConfigChannel)
    i.HAL_TIM_IC_Init                        0x08001d88   Section        0  stm32f4xx_hal_tim.o(i.HAL_TIM_IC_Init)
    i.HAL_TIM_IC_MspInit                     0x08001dbe   Section        0  stm32f4xx_hal_tim.o(i.HAL_TIM_IC_MspInit)
    i.HAL_TIM_IC_Start_IT                    0x08001dc0   Section        0  stm32f4xx_hal_tim.o(i.HAL_TIM_IC_Start_IT)
    i.HAL_TIM_IRQHandler                     0x08001e16   Section        0  stm32f4xx_hal_tim.o(i.HAL_TIM_IRQHandler)
    i.HAL_TIM_MspPostInit                    0x08001f7c   Section        0  stm32f4xx_hal_msp.o(i.HAL_TIM_MspPostInit)
    i.HAL_TIM_OC_DelayElapsedCallback        0x08001fd0   Section        0  stm32f4xx_hal_tim.o(i.HAL_TIM_OC_DelayElapsedCallback)
    i.HAL_TIM_PWM_ConfigChannel              0x08001fd2   Section        0  stm32f4xx_hal_tim.o(i.HAL_TIM_PWM_ConfigChannel)
    i.HAL_TIM_PWM_Init                       0x080020a2   Section        0  stm32f4xx_hal_tim.o(i.HAL_TIM_PWM_Init)
    i.HAL_TIM_PWM_MspInit                    0x080020d8   Section        0  stm32f4xx_hal_msp.o(i.HAL_TIM_PWM_MspInit)
    i.HAL_TIM_PWM_PulseFinishedCallback      0x08002100   Section        0  stm32f4xx_hal_tim.o(i.HAL_TIM_PWM_PulseFinishedCallback)
    i.HAL_TIM_PWM_Start                      0x08002104   Section        0  stm32f4xx_hal_tim.o(i.HAL_TIM_PWM_Start)
    i.HAL_TIM_PeriodElapsedCallback          0x08002148   Section        0  main.o(i.HAL_TIM_PeriodElapsedCallback)
    i.HAL_TIM_SlaveConfigSynchro             0x08002168   Section        0  stm32f4xx_hal_tim.o(i.HAL_TIM_SlaveConfigSynchro)
    i.HAL_TIM_TriggerCallback                0x080021ba   Section        0  stm32f4xx_hal_tim.o(i.HAL_TIM_TriggerCallback)
    i.HAL_UART_ErrorCallback                 0x080021bc   Section        0  stm32serialrtiostream.o(i.HAL_UART_ErrorCallback)
    i.HAL_UART_GetState                      0x080021f4   Section        0  stm32f4xx_hal_uart.o(i.HAL_UART_GetState)
    i.HAL_UART_IRQHandler                    0x08002200   Section        0  stm32f4xx_hal_uart.o(i.HAL_UART_IRQHandler)
    i.HAL_UART_Init                          0x08002314   Section        0  stm32f4xx_hal_uart.o(i.HAL_UART_Init)
    i.HAL_UART_MspInit                       0x08002378   Section        0  stm32f4xx_hal_msp.o(i.HAL_UART_MspInit)
    i.HAL_UART_Receive_IT                    0x080023f4   Section        0  stm32f4xx_hal_uart.o(i.HAL_UART_Receive_IT)
    i.HAL_UART_RxCpltCallback                0x08002448   Section        0  stm32serialrtiostream.o(i.HAL_UART_RxCpltCallback)
    i.HAL_UART_Transmit_IT                   0x080024b0   Section        0  stm32f4xx_hal_uart.o(i.HAL_UART_Transmit_IT)
    i.HAL_UART_TxCpltCallback                0x080024f0   Section        0  stm32serialrtiostream.o(i.HAL_UART_TxCpltCallback)
    i.InitSysUploadTable                     0x0800253c   Section        0  updown.o(i.InitSysUploadTable)
    InitSysUploadTable                       0x0800253d   Thumb Code   174  updown.o(i.InitSysUploadTable)
    i.InitUploadSection                      0x080025ea   Section        0  updown.o(i.InitUploadSection)
    InitUploadSection                        0x080025eb   Thumb Code    60  updown.o(i.InitUploadSection)
    i.InsertFIFO                             0x08002626   Section        0  ext_svr_serial_transport.o(i.InsertFIFO)
    InsertFIFO                               0x08002627   Thumb Code    36  ext_svr_serial_transport.o(i.InsertFIFO)
    i.InsertFIFOFree                         0x0800264c   Section        0  ext_svr_serial_transport.o(i.InsertFIFOFree)
    InsertFIFOFree                           0x0800264d   Thumb Code    10  ext_svr_serial_transport.o(i.InsertFIFOFree)
    i.MX_GPIO_Init                           0x0800265c   Section        0  main.o(i.MX_GPIO_Init)
    MX_GPIO_Init                             0x0800265d   Thumb Code   134  main.o(i.MX_GPIO_Init)
    i.MX_TIM3_Init                           0x080026ec   Section        0  main.o(i.MX_TIM3_Init)
    MX_TIM3_Init                             0x080026ed   Thumb Code   112  main.o(i.MX_TIM3_Init)
    i.MX_TIM4_Init                           0x08002764   Section        0  main.o(i.MX_TIM4_Init)
    MX_TIM4_Init                             0x08002765   Thumb Code    84  main.o(i.MX_TIM4_Init)
    i.ProcessCancelLoggingArmTriggerPkt      0x080027c0   Section        0  ext_svr.o(i.ProcessCancelLoggingArmTriggerPkt)
    ProcessCancelLoggingArmTriggerPkt        0x080027c1   Thumb Code    72  ext_svr.o(i.ProcessCancelLoggingArmTriggerPkt)
    i.ProcessConnectPkt                      0x08002808   Section        0  ext_svr.o(i.ProcessConnectPkt)
    ProcessConnectPkt                        0x08002809   Thumb Code   208  ext_svr.o(i.ProcessConnectPkt)
    i.ProcessGetParamsPkt                    0x080028e0   Section        0  ext_svr.o(i.ProcessGetParamsPkt)
    ProcessGetParamsPkt                      0x080028e1   Thumb Code   130  ext_svr.o(i.ProcessGetParamsPkt)
    i.ProcessSelectTriggerSignalPkt          0x08002962   Section        0  ext_svr.o(i.ProcessSelectTriggerSignalPkt)
    ProcessSelectTriggerSignalPkt            0x08002963   Thumb Code   104  ext_svr.o(i.ProcessSelectTriggerSignalPkt)
    i.RemoveFIFO                             0x080029ca   Section        0  ext_svr_serial_transport.o(i.RemoveFIFO)
    RemoveFIFO                               0x080029cb   Thumb Code    36  ext_svr_serial_transport.o(i.RemoveFIFO)
    i.RemoveFIFOFree                         0x080029f0   Section        0  ext_svr_serial_transport.o(i.RemoveFIFOFree)
    RemoveFIFOFree                           0x080029f1   Thumb Code     8  ext_svr_serial_transport.o(i.RemoveFIFOFree)
    i.RemoveFIFOPkt                          0x080029fc   Section        0  ext_svr_serial_transport.o(i.RemoveFIFOPkt)
    RemoveFIFOPkt                            0x080029fd   Thumb Code     8  ext_svr_serial_transport.o(i.RemoveFIFOPkt)
    i.SendPktDataToHost                      0x08002a08   Section        0  ext_svr.o(i.SendPktDataToHost)
    SendPktDataToHost                        0x08002a09   Thumb Code    28  ext_svr.o(i.SendPktDataToHost)
    i.SendPktHdrToHost                       0x08002a28   Section        0  ext_svr.o(i.SendPktHdrToHost)
    SendPktHdrToHost                         0x08002a29   Thumb Code    32  ext_svr.o(i.SendPktHdrToHost)
    i.SendPktToHost                          0x08002a4c   Section        0  ext_svr.o(i.SendPktToHost)
    i.SendResponseStatus                     0x08002a6c   Section        0  ext_svr.o(i.SendResponseStatus)
    SendResponseStatus                       0x08002a6d   Thumb Code    16  ext_svr.o(i.SendResponseStatus)
    i.SetExtBufListFields                    0x08002a7c   Section        0  updown.o(i.SetExtBufListFields)
    SetExtBufListFields                      0x08002a7d   Thumb Code   144  updown.o(i.SetExtBufListFields)
    i.SetExtBufListFieldsForEmptyList        0x08002b10   Section        0  updown.o(i.SetExtBufListFieldsForEmptyList)
    SetExtBufListFieldsForEmptyList          0x08002b11   Thumb Code    20  updown.o(i.SetExtBufListFieldsForEmptyList)
    i.SetExtSerialPacket                     0x08002b28   Section        0  ext_serial_pkt.o(i.SetExtSerialPacket)
    i.SetParam                               0x08002bf8   Section        0  updown.o(i.SetParam)
    i.SysTick_Config                         0x08002c60   Section        0  main.o(i.SysTick_Config)
    SysTick_Config                           0x08002c61   Thumb Code    38  main.o(i.SysTick_Config)
    i.SysTick_Handler                        0x08002c8c   Section        0  stm32f4xx_it.o(i.SysTick_Handler)
    i.SystemClock_Config                     0x08002ca0   Section        0  main.o(i.SystemClock_Config)
    i.SystemInit                             0x08002d24   Section        0  system_stm32f4xx.o(i.SystemInit)
    i.TIM3_IRQHandler                        0x08002d40   Section        0  stm32f4xx_it.o(i.TIM3_IRQHandler)
    i.TIM3_ItUpFcn                           0x08002d4c   Section        0  motor_tim.o(i.TIM3_ItUpFcn)
    i.TIM6_DAC_IRQHandler                    0x08002d68   Section        0  stm32f4xx_it.o(i.TIM6_DAC_IRQHandler)
    i.TIM_Base_SetConfig                     0x08002d74   Section        0  stm32f4xx_hal_tim.o(i.TIM_Base_SetConfig)
    i.TIM_CCxChannelCmd                      0x08002e3c   Section        0  stm32f4xx_hal_tim.o(i.TIM_CCxChannelCmd)
    i.TIM_ETR_SetConfig                      0x08002e56   Section        0  stm32f4xx_hal_tim.o(i.TIM_ETR_SetConfig)
    i.TIM_OC1_SetConfig                      0x08002e6c   Section        0  stm32f4xx_hal_tim.o(i.TIM_OC1_SetConfig)
    TIM_OC1_SetConfig                        0x08002e6d   Thumb Code    88  stm32f4xx_hal_tim.o(i.TIM_OC1_SetConfig)
    i.TIM_OC2_SetConfig                      0x08002ecc   Section        0  stm32f4xx_hal_tim.o(i.TIM_OC2_SetConfig)
    i.TIM_OC3_SetConfig                      0x08002f38   Section        0  stm32f4xx_hal_tim.o(i.TIM_OC3_SetConfig)
    TIM_OC3_SetConfig                        0x08002f39   Thumb Code    96  stm32f4xx_hal_tim.o(i.TIM_OC3_SetConfig)
    i.TIM_OC4_SetConfig                      0x08002fa0   Section        0  stm32f4xx_hal_tim.o(i.TIM_OC4_SetConfig)
    TIM_OC4_SetConfig                        0x08002fa1   Thumb Code    70  stm32f4xx_hal_tim.o(i.TIM_OC4_SetConfig)
    i.TIM_PeriodElapsedCustomCallback        0x08002ff0   Section        0  motor_tim.o(i.TIM_PeriodElapsedCustomCallback)
    i.TIM_SlaveTimer_SetConfig               0x0800302c   Section        0  stm32f4xx_hal_tim.o(i.TIM_SlaveTimer_SetConfig)
    TIM_SlaveTimer_SetConfig                 0x0800302d   Thumb Code   134  stm32f4xx_hal_tim.o(i.TIM_SlaveTimer_SetConfig)
    i.TIM_TI1_ConfigInputStage               0x080030b2   Section        0  stm32f4xx_hal_tim.o(i.TIM_TI1_ConfigInputStage)
    TIM_TI1_ConfigInputStage                 0x080030b3   Thumb Code    34  stm32f4xx_hal_tim.o(i.TIM_TI1_ConfigInputStage)
    i.TIM_TI1_SetConfig                      0x080030d4   Section        0  stm32f4xx_hal_tim.o(i.TIM_TI1_SetConfig)
    i.TIM_TI2_ConfigInputStage               0x08003154   Section        0  stm32f4xx_hal_tim.o(i.TIM_TI2_ConfigInputStage)
    TIM_TI2_ConfigInputStage                 0x08003155   Thumb Code    36  stm32f4xx_hal_tim.o(i.TIM_TI2_ConfigInputStage)
    i.TIM_TI2_SetConfig                      0x08003178   Section        0  stm32f4xx_hal_tim.o(i.TIM_TI2_SetConfig)
    TIM_TI2_SetConfig                        0x08003179   Thumb Code    54  stm32f4xx_hal_tim.o(i.TIM_TI2_SetConfig)
    i.UART_DMAAbortOnError                   0x080031ae   Section        0  stm32f4xx_hal_uart.o(i.UART_DMAAbortOnError)
    UART_DMAAbortOnError                     0x080031af   Thumb Code    16  stm32f4xx_hal_uart.o(i.UART_DMAAbortOnError)
    i.UART_EndRxTransfer                     0x080031be   Section        0  stm32f4xx_hal_uart.o(i.UART_EndRxTransfer)
    UART_EndRxTransfer                       0x080031bf   Thumb Code    28  stm32f4xx_hal_uart.o(i.UART_EndRxTransfer)
    i.UART_Receive_IT                        0x080031da   Section        0  stm32f4xx_hal_uart.o(i.UART_Receive_IT)
    UART_Receive_IT                          0x080031db   Thumb Code   150  stm32f4xx_hal_uart.o(i.UART_Receive_IT)
    i.UART_SetConfig                         0x08003270   Section        0  stm32f4xx_hal_uart.o(i.UART_SetConfig)
    UART_SetConfig                           0x08003271   Thumb Code   288  stm32f4xx_hal_uart.o(i.UART_SetConfig)
    i.UART_Transmit_IT                       0x08003398   Section        0  stm32f4xx_hal_uart.o(i.UART_Transmit_IT)
    UART_Transmit_IT                         0x08003399   Thumb Code    98  stm32f4xx_hal_uart.o(i.UART_Transmit_IT)
    i.USART3_IRQHandler                      0x080033fc   Section        0  stm32f4xx_it.o(i.USART3_IRQHandler)
    i.UploadArmTrigger                       0x08003408   Section        0  updown.o(i.UploadArmTrigger)
    i.UploadBufAddTimePoint                  0x08003458   Section        0  updown.o(i.UploadBufAddTimePoint)
    i.UploadBufAssignMem                     0x08003684   Section        0  updown.o(i.UploadBufAssignMem)
    UploadBufAssignMem                       0x08003685   Thumb Code   114  updown.o(i.UploadBufAssignMem)
    i.UploadBufDataSent                      0x080036f8   Section        0  updown.o(i.UploadBufDataSent)
    i.UploadBufGetData                       0x08003730   Section        0  updown.o(i.UploadBufGetData)
    i.UploadCancelLogging                    0x080037a8   Section        0  updown.o(i.UploadCancelLogging)
    i.UploadCheckTrigger                     0x080037dc   Section        0  updown.o(i.UploadCheckTrigger)
    i.UploadCheckTriggerSignals              0x08003830   Section        0  updown.o(i.UploadCheckTriggerSignals)
    UploadCheckTriggerSignals                0x08003831   Thumb Code   286  updown.o(i.UploadCheckTriggerSignals)
    i.UploadDestroyTrigger                   0x08003954   Section        0  updown.o(i.UploadDestroyTrigger)
    UploadDestroyTrigger                     0x08003955   Thumb Code    82  updown.o(i.UploadDestroyTrigger)
    i.UploadEndLoggingSession                0x080039b4   Section        0  updown.o(i.UploadEndLoggingSession)
    i.UploadInitTrigger                      0x080039cc   Section        0  updown.o(i.UploadInitTrigger)
    i.UploadLogInfoInit                      0x08003ab0   Section        0  updown.o(i.UploadLogInfoInit)
    i.UploadLogInfoReset                     0x08003bb0   Section        0  updown.o(i.UploadLogInfoReset)
    i.UploadLogInfoTerm                      0x08003bf0   Section        0  updown.o(i.UploadLogInfoTerm)
    i.UploadPrepareForFinalFlush             0x08003c90   Section        0  updown.o(i.UploadPrepareForFinalFlush)
    i.UploadServerWork                       0x08003cbc   Section        0  ext_svr.o(i.UploadServerWork)
    i.__NVIC_SetPriority                     0x08003d30   Section        0  stm32f4xx_hal_cortex.o(i.__NVIC_SetPriority)
    __NVIC_SetPriority                       0x08003d31   Thumb Code    32  stm32f4xx_hal_cortex.o(i.__NVIC_SetPriority)
    i.__scatterload_copy                     0x08003d50   Section       14  handlers.o(i.__scatterload_copy)
    i.__scatterload_null                     0x08003d5e   Section        2  handlers.o(i.__scatterload_null)
    i.__scatterload_zeroinit                 0x08003d60   Section       14  handlers.o(i.__scatterload_zeroinit)
    i.free                                   0x08003d70   Section        0  malloc.o(i.free)
    i.isFIFOEmpty                            0x08003dc0   Section        0  ext_svr_serial_transport.o(i.isFIFOEmpty)
    isFIFOEmpty                              0x08003dc1   Thumb Code    12  ext_svr_serial_transport.o(i.isFIFOEmpty)
    i.isFIFOFreeEmpty                        0x08003dcc   Section        0  ext_svr_serial_transport.o(i.isFIFOFreeEmpty)
    isFIFOFreeEmpty                          0x08003dcd   Thumb Code    10  ext_svr_serial_transport.o(i.isFIFOFreeEmpty)
    i.isFIFOPktEmpty                         0x08003ddc   Section        0  ext_svr_serial_transport.o(i.isFIFOPktEmpty)
    isFIFOPktEmpty                           0x08003ddd   Thumb Code    10  ext_svr_serial_transport.o(i.isFIFOPktEmpty)
    i.main                                   0x08003dec   Section        0  main.o(i.main)
    i.malloc                                 0x08003f4c   Section        0  malloc.o(i.malloc)
    i.motor_initialize                       0x08003fb8   Section        0  motor.o(i.motor_initialize)
    i.motor_step                             0x08004210   Section        0  motor.o(i.motor_step)
    i.rtERTExtModeSetTFinal                  0x080043a8   Section        0  ext_work.o(i.rtERTExtModeSetTFinal)
    i.rtERTExtModeStartMsg                   0x080043f8   Section        0  ext_work.o(i.rtERTExtModeStartMsg)
    i.rtExtModeCheckInit                     0x080043fa   Section        0  ext_work.o(i.rtExtModeCheckInit)
    i.rtExtModeOneStep                       0x08004400   Section        0  ext_work.o(i.rtExtModeOneStep)
    i.rtExtModeUpload                        0x08004420   Section        0  ext_work.o(i.rtExtModeUpload)
    i.rtExtModeUploadCheckTrigger            0x08004424   Section        0  ext_work.o(i.rtExtModeUploadCheckTrigger)
    i.rtExtModeWaitForStartPkt               0x08004428   Section        0  ext_work.o(i.rtExtModeWaitForStartPkt)
    i.rtIOStreamBlockingRecv                 0x08004478   Section        0  rtiostream_utils.o(i.rtIOStreamBlockingRecv)
    i.rtIOStreamBlockingSend                 0x080044aa   Section        0  rtiostream_utils.o(i.rtIOStreamBlockingSend)
    i.rtIOStreamClose                        0x080044dc   Section        0  stm32serialrtiostream.o(i.rtIOStreamClose)
    i.rtIOStreamOpen                         0x080044e8   Section        0  stm32serialrtiostream.o(i.rtIOStreamOpen)
    i.rtIOStreamRecv                         0x08004510   Section        0  stm32serialrtiostream.o(i.rtIOStreamRecv)
    i.rtIOStreamSend                         0x080045a8   Section        0  stm32serialrtiostream.o(i.rtIOStreamSend)
    i.rtParseArgsForExtMode                  0x08004624   Section        0  ext_work.o(i.rtParseArgsForExtMode)
    i.rtSetTFinalForExtMode                  0x0800462c   Section        0  ext_work.o(i.rtSetTFinalForExtMode)
    i.rt_ExtModeInit                         0x08004630   Section        0  ext_svr.o(i.rt_ExtModeInit)
    i.rt_ExtModeSleep                        0x08004654   Section        0  ext_svr.o(i.rt_ExtModeSleep)
    i.rt_PktServerWork                       0x08004664   Section        0  ext_svr.o(i.rt_PktServerWork)
    i.rt_UploadBufAddTimePoint               0x08004818   Section        0  ext_svr.o(i.rt_UploadBufAddTimePoint)
    i.rt_UploadCheckTrigger                  0x08004846   Section        0  ext_svr.o(i.rt_UploadCheckTrigger)
    i.rt_UploadServerWork                    0x0800485c   Section        0  ext_svr.o(i.rt_UploadServerWork)
    .constdata                               0x08004872   Section       16  system_stm32f4xx.o(.constdata)
    .constdata                               0x08004882   Section        8  system_stm32f4xx.o(.constdata)
    .constdata                               0x0800488c   Section        8  motor.o(.constdata)
    rtAlwaysEnabled                          0x0800488c   Data           1  motor.o(.constdata)
    .conststring                             0x08004894   Section      150  motor.o(.conststring)
    .data                                    0x20000000   Section       12  main.o(.data)
    OverrunFlags                             0x20000000   Data           1  main.o(.data)
    autoReloadTimerLoopVal_S                 0x20000004   Data           4  main.o(.data)
    .data                                    0x2000000c   Section       12  stm32f4xx_hal.o(.data)
    .data                                    0x20000018   Section        4  system_stm32f4xx.o(.data)
    .data                                    0x2000001c   Section       16  stm32serialrtiostream.o(.data)
    TxCplt                                   0x2000001c   Data           1  stm32serialrtiostream.o(.data)
    rcvOn                                    0x2000001e   Data           1  stm32serialrtiostream.o(.data)
    ptSet                                    0x20000020   Data           4  stm32serialrtiostream.o(.data)
    ptGet                                    0x20000024   Data           4  stm32serialrtiostream.o(.data)
    nbRcv                                    0x20000028   Data           4  stm32serialrtiostream.o(.data)
    .data                                    0x2000002c   Section       20  ext_svr.o(.data)
    connected                                0x2000002c   Data           1  ext_svr.o(.data)
    commInitialized                          0x2000002d   Data           1  ext_svr.o(.data)
    ERRMSG_PROCESSSELECTSIGNAL               0x2000002f   Data           1  ext_svr.o(.data)
    ERRMSG_PROCESSSELECTTRIGGER              0x20000030   Data           1  ext_svr.o(.data)
    extUD                                    0x20000034   Data           4  ext_svr.o(.data)
    pktBufSize                               0x20000038   Data           4  ext_svr.o(.data)
    pktBuf                                   0x2000003c   Data           4  ext_svr.o(.data)
    .data                                    0x20000040   Section       16  ext_work.o(.data)
    finaltime                                0x20000048   Data           8  ext_work.o(.data)
    .data                                    0x20000050   Section        3  updown.o(.data)
    firstTime                                0x20000051   Data           2  updown.o(.data)
    .data                                    0x20000054   Section      148  motor.o(.data)
    rtBTransTable                            0x20000058   Data           8  motor.o(.data)
    rtPTransTable                            0x20000060   Data           8  motor.o(.data)
    systemRan                                0x20000068   Data           8  motor.o(.data)
    rtDataTypeSizes                          0x20000078   Data          56  motor.o(.data)
    rtDataTypeNames                          0x200000b0   Data          56  motor.o(.data)
    .data                                    0x200000e8   Section       32  motor.o(.data)
    rtBTransitions                           0x200000e8   Data          32  motor.o(.data)
    .data                                    0x20000108   Section       16  motor.o(.data)
    rtPTransitions                           0x20000108   Data          16  motor.o(.data)
    .data                                    0x20000118   Section        2  motor_tim.o(.data)
    .data                                    0x2000011c   Section       16  motor_tim.o(.data)
    .data                                    0x20000130   Section        8  motor_data.o(.data)
    .data                                    0x20000138   Section        8  rtiostream_serial_interface.o(.data)
    serialPort                               0x20000138   Data           2  rtiostream_serial_interface.o(.data)
    UD                                       0x2000013c   Data           4  rtiostream_serial_interface.o(.data)
    .data                                    0x20000140   Section       36  ext_svr_serial_transport.o(.data)
    waitForAck                               0x20000140   Data           1  ext_svr_serial_transport.o(.data)
    InBuffer                                 0x20000144   Data           4  ext_svr_serial_transport.o(.data)
    OutBuffer                                0x20000148   Data           4  ext_svr_serial_transport.o(.data)
    FreeFIFOHead                             0x2000014c   Data           4  ext_svr_serial_transport.o(.data)
    FreeFIFOTail                             0x20000150   Data           4  ext_svr_serial_transport.o(.data)
    PktFIFOHead                              0x20000154   Data           4  ext_svr_serial_transport.o(.data)
    PktFIFOTail                              0x20000158   Data           4  ext_svr_serial_transport.o(.data)
    UD                                       0x2000015c   Data           8  ext_svr_serial_transport.o(.data)
    .data                                    0x20000164   Section        4  mvars.o(.data)
    .data                                    0x20000168   Section        4  mvars.o(.data)
    .bss                                     0x2000016c   Section      192  main.o(.bss)
    .bss                                     0x2000022c   Section       64  stm32f4xx_hal_timebase_tim.o(.bss)
    .bss                                     0x2000026c   Section      512  stm32serialrtiostream.o(.bss)
    buffRcv                                  0x2000026c   Data         512  stm32serialrtiostream.o(.bss)
    .bss                                     0x20000470   Section      224  updown.o(.bss)
    uploadInfoArray                          0x20000470   Data         224  updown.o(.bss)
    .bss                                     0x20000550   Section       60  motor.o(.bss)
    rt_ExtModeInfo                           0x20000550   Data          20  motor.o(.bss)
    dtInfo                                   0x20000564   Data          40  motor.o(.bss)
    .bss                                     0x20000590   Section       72  motor.o(.bss)
    .bss                                     0x200005d8   Section      148  motor_tim.o(.bss)
    .bss                                     0x2000066c   Section      148  motor_tim.o(.bss)
    .bss                                     0x20000700   Section       36  ext_svr_serial_transport.o(.bss)
    buffer1st                                0x20000700   Data          36  ext_svr_serial_transport.o(.bss)
    .bss                                     0x20000724   Section       36  ext_svr_serial_transport.o(.bss)
    buffer2nd                                0x20000724   Data          36  ext_svr_serial_transport.o(.bss)
    HEAP                                     0x20000748   Section      512  startup_stm32f407xx.o(HEAP)
    STACK                                    0x20000948   Section     1024  startup_stm32f407xx.o(STACK)

    Global Symbols

    Symbol Name                              Value     Ov Type        Size  Object(Section)

    BuildAttributes$$THM_ISAv4$E$P$D$K$B$S$7EM$VFPi3$EXTD16$VFPS$VFMA$PE$A:L22UL41UL21$X:L11$S22US41US21$IEEE1$IW$USESV6$~STKCKD$USESV7$~SHL$OSPACE$ROPI$EBA8$MICROLIB$REQ8$PRES8$EABIv2 0x00000000   Number         0  anon$$obj.o ABSOLUTE
    __ARM_use_no_argv                        0x00000000   Number         0  main.o ABSOLUTE
    __cpp_initialize__aeabi_                  - Undefined Weak Reference
    __cxa_finalize                            - Undefined Weak Reference
    _clock_init                               - Undefined Weak Reference
    _microlib_exit                            - Undefined Weak Reference
    __Vectors_Size                           0x00000188   Number         0  startup_stm32f407xx.o ABSOLUTE
    __Vectors                                0x08000000   Data           4  startup_stm32f407xx.o(RESET)
    __Vectors_End                            0x08000188   Data           0  startup_stm32f407xx.o(RESET)
    __main                                   0x08000189   Thumb Code     0  entry.o(.ARM.Collect$$$$00000000)
    _main_stk                                0x08000189   Thumb Code     0  entry2.o(.ARM.Collect$$$$00000001)
    _main_scatterload                        0x0800018d   Thumb Code     0  entry5.o(.ARM.Collect$$$$00000004)
    __main_after_scatterload                 0x08000191   Thumb Code     0  entry5.o(.ARM.Collect$$$$00000004)
    _main_clock                              0x08000191   Thumb Code     0  entry7b.o(.ARM.Collect$$$$00000008)
    _main_cpp_init                           0x08000191   Thumb Code     0  entry8b.o(.ARM.Collect$$$$0000000A)
    _main_init                               0x08000191   Thumb Code     0  entry9a.o(.ARM.Collect$$$$0000000B)
    __rt_final_cpp                           0x08000199   Thumb Code     0  entry10a.o(.ARM.Collect$$$$0000000D)
    __rt_final_exit                          0x08000199   Thumb Code     0  entry11a.o(.ARM.Collect$$$$0000000F)
    Reset_Handler                            0x0800019d   Thumb Code     8  startup_stm32f407xx.o(.text)
    NMI_Handler                              0x080001a5   Thumb Code     2  startup_stm32f407xx.o(.text)
    HardFault_Handler                        0x080001a7   Thumb Code     2  startup_stm32f407xx.o(.text)
    MemManage_Handler                        0x080001a9   Thumb Code     2  startup_stm32f407xx.o(.text)
    BusFault_Handler                         0x080001ab   Thumb Code     2  startup_stm32f407xx.o(.text)
    UsageFault_Handler                       0x080001ad   Thumb Code     2  startup_stm32f407xx.o(.text)
    SVC_Handler                              0x080001af   Thumb Code     2  startup_stm32f407xx.o(.text)
    DebugMon_Handler                         0x080001b1   Thumb Code     2  startup_stm32f407xx.o(.text)
    PendSV_Handler                           0x080001b3   Thumb Code     2  startup_stm32f407xx.o(.text)
    ADC_IRQHandler                           0x080001b7   Thumb Code     0  startup_stm32f407xx.o(.text)
    CAN1_RX0_IRQHandler                      0x080001b7   Thumb Code     0  startup_stm32f407xx.o(.text)
    CAN1_RX1_IRQHandler                      0x080001b7   Thumb Code     0  startup_stm32f407xx.o(.text)
    CAN1_SCE_IRQHandler                      0x080001b7   Thumb Code     0  startup_stm32f407xx.o(.text)
    CAN1_TX_IRQHandler                       0x080001b7   Thumb Code     0  startup_stm32f407xx.o(.text)
    CAN2_RX0_IRQHandler                      0x080001b7   Thumb Code     0  startup_stm32f407xx.o(.text)
    CAN2_RX1_IRQHandler                      0x080001b7   Thumb Code     0  startup_stm32f407xx.o(.text)
    CAN2_SCE_IRQHandler                      0x080001b7   Thumb Code     0  startup_stm32f407xx.o(.text)
    CAN2_TX_IRQHandler                       0x080001b7   Thumb Code     0  startup_stm32f407xx.o(.text)
    DCMI_IRQHandler                          0x080001b7   Thumb Code     0  startup_stm32f407xx.o(.text)
    DMA1_Stream0_IRQHandler                  0x080001b7   Thumb Code     0  startup_stm32f407xx.o(.text)
    DMA1_Stream1_IRQHandler                  0x080001b7   Thumb Code     0  startup_stm32f407xx.o(.text)
    DMA1_Stream2_IRQHandler                  0x080001b7   Thumb Code     0  startup_stm32f407xx.o(.text)
    DMA1_Stream3_IRQHandler                  0x080001b7   Thumb Code     0  startup_stm32f407xx.o(.text)
    DMA1_Stream4_IRQHandler                  0x080001b7   Thumb Code     0  startup_stm32f407xx.o(.text)
    DMA1_Stream5_IRQHandler                  0x080001b7   Thumb Code     0  startup_stm32f407xx.o(.text)
    DMA1_Stream6_IRQHandler                  0x080001b7   Thumb Code     0  startup_stm32f407xx.o(.text)
    DMA1_Stream7_IRQHandler                  0x080001b7   Thumb Code     0  startup_stm32f407xx.o(.text)
    DMA2_Stream0_IRQHandler                  0x080001b7   Thumb Code     0  startup_stm32f407xx.o(.text)
    DMA2_Stream1_IRQHandler                  0x080001b7   Thumb Code     0  startup_stm32f407xx.o(.text)
    DMA2_Stream2_IRQHandler                  0x080001b7   Thumb Code     0  startup_stm32f407xx.o(.text)
    DMA2_Stream3_IRQHandler                  0x080001b7   Thumb Code     0  startup_stm32f407xx.o(.text)
    DMA2_Stream4_IRQHandler                  0x080001b7   Thumb Code     0  startup_stm32f407xx.o(.text)
    DMA2_Stream5_IRQHandler                  0x080001b7   Thumb Code     0  startup_stm32f407xx.o(.text)
    DMA2_Stream6_IRQHandler                  0x080001b7   Thumb Code     0  startup_stm32f407xx.o(.text)
    DMA2_Stream7_IRQHandler                  0x080001b7   Thumb Code     0  startup_stm32f407xx.o(.text)
    ETH_IRQHandler                           0x080001b7   Thumb Code     0  startup_stm32f407xx.o(.text)
    ETH_WKUP_IRQHandler                      0x080001b7   Thumb Code     0  startup_stm32f407xx.o(.text)
    EXTI0_IRQHandler                         0x080001b7   Thumb Code     0  startup_stm32f407xx.o(.text)
    EXTI15_10_IRQHandler                     0x080001b7   Thumb Code     0  startup_stm32f407xx.o(.text)
    EXTI1_IRQHandler                         0x080001b7   Thumb Code     0  startup_stm32f407xx.o(.text)
    EXTI2_IRQHandler                         0x080001b7   Thumb Code     0  startup_stm32f407xx.o(.text)
    EXTI3_IRQHandler                         0x080001b7   Thumb Code     0  startup_stm32f407xx.o(.text)
    EXTI4_IRQHandler                         0x080001b7   Thumb Code     0  startup_stm32f407xx.o(.text)
    EXTI9_5_IRQHandler                       0x080001b7   Thumb Code     0  startup_stm32f407xx.o(.text)
    FLASH_IRQHandler                         0x080001b7   Thumb Code     0  startup_stm32f407xx.o(.text)
    FMC_IRQHandler                           0x080001b7   Thumb Code     0  startup_stm32f407xx.o(.text)
    FPU_IRQHandler                           0x080001b7   Thumb Code     0  startup_stm32f407xx.o(.text)
    HASH_RNG_IRQHandler                      0x080001b7   Thumb Code     0  startup_stm32f407xx.o(.text)
    I2C1_ER_IRQHandler                       0x080001b7   Thumb Code     0  startup_stm32f407xx.o(.text)
    I2C1_EV_IRQHandler                       0x080001b7   Thumb Code     0  startup_stm32f407xx.o(.text)
    I2C2_ER_IRQHandler                       0x080001b7   Thumb Code     0  startup_stm32f407xx.o(.text)
    I2C2_EV_IRQHandler                       0x080001b7   Thumb Code     0  startup_stm32f407xx.o(.text)
    I2C3_ER_IRQHandler                       0x080001b7   Thumb Code     0  startup_stm32f407xx.o(.text)
    I2C3_EV_IRQHandler                       0x080001b7   Thumb Code     0  startup_stm32f407xx.o(.text)
    OTG_FS_IRQHandler                        0x080001b7   Thumb Code     0  startup_stm32f407xx.o(.text)
    OTG_FS_WKUP_IRQHandler                   0x080001b7   Thumb Code     0  startup_stm32f407xx.o(.text)
    OTG_HS_EP1_IN_IRQHandler                 0x080001b7   Thumb Code     0  startup_stm32f407xx.o(.text)
    OTG_HS_EP1_OUT_IRQHandler                0x080001b7   Thumb Code     0  startup_stm32f407xx.o(.text)
    OTG_HS_IRQHandler                        0x080001b7   Thumb Code     0  startup_stm32f407xx.o(.text)
    OTG_HS_WKUP_IRQHandler                   0x080001b7   Thumb Code     0  startup_stm32f407xx.o(.text)
    PVD_IRQHandler                           0x080001b7   Thumb Code     0  startup_stm32f407xx.o(.text)
    RCC_IRQHandler                           0x080001b7   Thumb Code     0  startup_stm32f407xx.o(.text)
    RTC_Alarm_IRQHandler                     0x080001b7   Thumb Code     0  startup_stm32f407xx.o(.text)
    RTC_WKUP_IRQHandler                      0x080001b7   Thumb Code     0  startup_stm32f407xx.o(.text)
    SDIO_IRQHandler                          0x080001b7   Thumb Code     0  startup_stm32f407xx.o(.text)
    SPI1_IRQHandler                          0x080001b7   Thumb Code     0  startup_stm32f407xx.o(.text)
    SPI2_IRQHandler                          0x080001b7   Thumb Code     0  startup_stm32f407xx.o(.text)
    SPI3_IRQHandler                          0x080001b7   Thumb Code     0  startup_stm32f407xx.o(.text)
    TAMP_STAMP_IRQHandler                    0x080001b7   Thumb Code     0  startup_stm32f407xx.o(.text)
    TIM1_BRK_TIM9_IRQHandler                 0x080001b7   Thumb Code     0  startup_stm32f407xx.o(.text)
    TIM1_CC_IRQHandler                       0x080001b7   Thumb Code     0  startup_stm32f407xx.o(.text)
    TIM1_TRG_COM_TIM11_IRQHandler            0x080001b7   Thumb Code     0  startup_stm32f407xx.o(.text)
    TIM1_UP_TIM10_IRQHandler                 0x080001b7   Thumb Code     0  startup_stm32f407xx.o(.text)
    TIM2_IRQHandler                          0x080001b7   Thumb Code     0  startup_stm32f407xx.o(.text)
    TIM4_IRQHandler                          0x080001b7   Thumb Code     0  startup_stm32f407xx.o(.text)
    TIM5_IRQHandler                          0x080001b7   Thumb Code     0  startup_stm32f407xx.o(.text)
    TIM7_IRQHandler                          0x080001b7   Thumb Code     0  startup_stm32f407xx.o(.text)
    TIM8_BRK_TIM12_IRQHandler                0x080001b7   Thumb Code     0  startup_stm32f407xx.o(.text)
    TIM8_CC_IRQHandler                       0x080001b7   Thumb Code     0  startup_stm32f407xx.o(.text)
    TIM8_TRG_COM_TIM14_IRQHandler            0x080001b7   Thumb Code     0  startup_stm32f407xx.o(.text)
    TIM8_UP_TIM13_IRQHandler                 0x080001b7   Thumb Code     0  startup_stm32f407xx.o(.text)
    UART4_IRQHandler                         0x080001b7   Thumb Code     0  startup_stm32f407xx.o(.text)
    UART5_IRQHandler                         0x080001b7   Thumb Code     0  startup_stm32f407xx.o(.text)
    USART1_IRQHandler                        0x080001b7   Thumb Code     0  startup_stm32f407xx.o(.text)
    USART2_IRQHandler                        0x080001b7   Thumb Code     0  startup_stm32f407xx.o(.text)
    USART6_IRQHandler                        0x080001b7   Thumb Code     0  startup_stm32f407xx.o(.text)
    WWDG_IRQHandler                          0x080001b7   Thumb Code     0  startup_stm32f407xx.o(.text)
    __aeabi_uldivmod                         0x080001c1   Thumb Code    98  uldiv.o(.text)
    __aeabi_memcpy                           0x08000223   Thumb Code    36  memcpya.o(.text)
    __aeabi_memcpy4                          0x08000223   Thumb Code     0  memcpya.o(.text)
    __aeabi_memcpy8                          0x08000223   Thumb Code     0  memcpya.o(.text)
    __aeabi_memset                           0x08000247   Thumb Code    14  memseta.o(.text)
    __aeabi_memset4                          0x08000247   Thumb Code     0  memseta.o(.text)
    __aeabi_memset8                          0x08000247   Thumb Code     0  memseta.o(.text)
    __aeabi_memclr                           0x08000255   Thumb Code     4  memseta.o(.text)
    __aeabi_memclr4                          0x08000255   Thumb Code     0  memseta.o(.text)
    __aeabi_memclr8                          0x08000255   Thumb Code     0  memseta.o(.text)
    _memset$wrapper                          0x08000259   Thumb Code    18  memseta.o(.text)
    strcmp                                   0x0800026b   Thumb Code    28  strcmp.o(.text)
    calloc                                   0x08000287   Thumb Code    28  calloc.o(.text)
    __aeabi_dadd                             0x080002a3   Thumb Code   322  dadd.o(.text)
    __aeabi_dsub                             0x080003e5   Thumb Code     6  dadd.o(.text)
    __aeabi_drsub                            0x080003eb   Thumb Code     6  dadd.o(.text)
    __aeabi_dmul                             0x080003f1   Thumb Code   228  dmul.o(.text)
    __aeabi_ddiv                             0x080004d5   Thumb Code   222  ddiv.o(.text)
    __aeabi_i2d                              0x080005b3   Thumb Code    34  dflti.o(.text)
    __aeabi_ui2d                             0x080005d5   Thumb Code    26  dfltui.o(.text)
    __aeabi_d2iz                             0x080005ef   Thumb Code    62  dfixi.o(.text)
    __aeabi_d2uiz                            0x0800062d   Thumb Code    50  dfixui.o(.text)
    __aeabi_cdcmpeq                          0x08000661   Thumb Code     0  cdcmple.o(.text)
    __aeabi_cdcmple                          0x08000661   Thumb Code    48  cdcmple.o(.text)
    __aeabi_cdrcmple                         0x08000691   Thumb Code    48  cdrcmple.o(.text)
    __aeabi_llsl                             0x080006c1   Thumb Code    30  llshl.o(.text)
    _ll_shift_l                              0x080006c1   Thumb Code     0  llshl.o(.text)
    __aeabi_llsr                             0x080006df   Thumb Code    32  llushr.o(.text)
    _ll_ushift_r                             0x080006df   Thumb Code     0  llushr.o(.text)
    __aeabi_lasr                             0x080006ff   Thumb Code    36  llsshr.o(.text)
    _ll_sshift_r                             0x080006ff   Thumb Code     0  llsshr.o(.text)
    __I$use$fp                               0x08000723   Thumb Code     0  iusefp.o(.text)
    _double_round                            0x08000723   Thumb Code    30  depilogue.o(.text)
    _double_epilogue                         0x08000741   Thumb Code   156  depilogue.o(.text)
    __scatterload                            0x080007dd   Thumb Code    28  init.o(.text)
    __scatterload_rt2                        0x080007dd   Thumb Code     0  init.o(.text)
    __decompress                             0x08000801   Thumb Code     0  __dczerorl2.o(.text)
    __decompress1                            0x08000801   Thumb Code    86  __dczerorl2.o(.text)
    ExtCloseConnection                       0x08000879   Thumb Code     8  ext_svr_serial_transport.o(i.ExtCloseConnection)
    ExtForceDisconnect                       0x08000885   Thumb Code    16  ext_svr_serial_transport.o(i.ExtForceDisconnect)
    ExtGetHostPkt                            0x08000895   Thumb Code   106  ext_svr_serial_transport.o(i.ExtGetHostPkt)
    ExtInit                                  0x080009f1   Thumb Code     4  ext_svr_serial_transport.o(i.ExtInit)
    ExtModeSleep                             0x080009f5   Thumb Code     2  ext_svr_serial_transport.o(i.ExtModeSleep)
    ExtOpenConnection                        0x080009f7   Thumb Code    12  ext_svr_serial_transport.o(i.ExtOpenConnection)
    ExtParseArgsAndInitUD                    0x08000a59   Thumb Code    46  ext_svr.o(i.ExtParseArgsAndInitUD)
    ExtProcessArgs                           0x08000ac9   Thumb Code    76  ext_svr_serial_transport.o(i.ExtProcessArgs)
    ExtSerialPortConnect                     0x08000b9d   Thumb Code    70  rtiostream_serial_interface.o(i.ExtSerialPortConnect)
    ExtSerialPortCreate                      0x08000be9   Thumb Code    18  rtiostream_serial_interface.o(i.ExtSerialPortCreate)
    ExtSerialPortDataPending                 0x08000c01   Thumb Code    74  rtiostream_serial_interface.o(i.ExtSerialPortDataPending)
    ExtSerialPortDisconnect                  0x08000c51   Thumb Code    48  rtiostream_serial_interface.o(i.ExtSerialPortDisconnect)
    ExtSerialPortGetData                     0x08000c85   Thumb Code   106  rtiostream_serial_interface.o(i.ExtSerialPortGetData)
    ExtSerialPortSetData                     0x08000cf5   Thumb Code    34  rtiostream_serial_interface.o(i.ExtSerialPortSetData)
    ExtSetHostPkt                            0x08000d1d   Thumb Code    70  ext_svr_serial_transport.o(i.ExtSetHostPkt)
    ExtUserDataCreate                        0x08000e01   Thumb Code     4  ext_svr_serial_transport.o(i.ExtUserDataCreate)
    ExtUserDataDestroy                       0x08000e09   Thumb Code     2  ext_svr_serial_transport.o(i.ExtUserDataDestroy)
    ExtWaitForStartPkt                       0x08000e0d   Thumb Code     8  ext_svr.o(i.ExtWaitForStartPkt)
    ExtWaitForStartPktFromHost               0x08000e19   Thumb Code     4  ext_svr_serial_transport.o(i.ExtWaitForStartPktFromHost)
    GetExtSerialPacket                       0x08000e85   Thumb Code   482  ext_serial_pkt.o(i.GetExtSerialPacket)
    HAL_DMA_Abort_IT                         0x080010d9   Thumb Code    36  stm32f4xx_hal_dma.o(i.HAL_DMA_Abort_IT)
    HAL_GPIO_Init                            0x080010fd   Thumb Code   390  stm32f4xx_hal_gpio.o(i.HAL_GPIO_Init)
    HAL_GPIO_TogglePin                       0x080012b1   Thumb Code    14  stm32f4xx_hal_gpio.o(i.HAL_GPIO_TogglePin)
    HAL_GPIO_WritePin                        0x080012bf   Thumb Code    10  stm32f4xx_hal_gpio.o(i.HAL_GPIO_WritePin)
    HAL_GetTick                              0x080012c9   Thumb Code     6  stm32f4xx_hal.o(i.HAL_GetTick)
    HAL_IncTick                              0x080012d5   Thumb Code    12  stm32f4xx_hal.o(i.HAL_IncTick)
    HAL_Init                                 0x080012e5   Thumb Code    48  stm32f4xx_hal.o(i.HAL_Init)
    HAL_InitTick                             0x08001319   Thumb Code   100  stm32f4xx_hal_timebase_tim.o(i.HAL_InitTick)
    HAL_MspInit                              0x0800138d   Thumb Code    48  stm32f4xx_hal_msp.o(i.HAL_MspInit)
    HAL_NVIC_EnableIRQ                       0x080013c1   Thumb Code    26  stm32f4xx_hal_cortex.o(i.HAL_NVIC_EnableIRQ)
    HAL_NVIC_SetPriority                     0x080013dd   Thumb Code    60  stm32f4xx_hal_cortex.o(i.HAL_NVIC_SetPriority)
    HAL_NVIC_SetPriorityGrouping             0x0800141d   Thumb Code    26  stm32f4xx_hal_cortex.o(i.HAL_NVIC_SetPriorityGrouping)
    HAL_RCC_ClockConfig                      0x08001441   Thumb Code   288  stm32f4xx_hal_rcc.o(i.HAL_RCC_ClockConfig)
    HAL_RCC_GetClockConfig                   0x08001575   Thumb Code    54  stm32f4xx_hal_rcc.o(i.HAL_RCC_GetClockConfig)
    HAL_RCC_GetPCLK1Freq                     0x080015b5   Thumb Code    20  stm32f4xx_hal_rcc.o(i.HAL_RCC_GetPCLK1Freq)
    HAL_RCC_GetPCLK2Freq                     0x080015d5   Thumb Code    20  stm32f4xx_hal_rcc.o(i.HAL_RCC_GetPCLK2Freq)
    HAL_RCC_GetSysClockFreq                  0x080015f5   Thumb Code    88  stm32f4xx_hal_rcc.o(i.HAL_RCC_GetSysClockFreq)
    HAL_RCC_OscConfig                        0x08001655   Thumb Code   820  stm32f4xx_hal_rcc.o(i.HAL_RCC_OscConfig)
    HAL_TIMEx_BreakCallback                  0x0800199d   Thumb Code     2  stm32f4xx_hal_tim_ex.o(i.HAL_TIMEx_BreakCallback)
    HAL_TIMEx_CommutCallback                 0x0800199f   Thumb Code     2  stm32f4xx_hal_tim_ex.o(i.HAL_TIMEx_CommutCallback)
    HAL_TIMEx_MasterConfigSynchronization    0x080019a1   Thumb Code   116  stm32f4xx_hal_tim_ex.o(i.HAL_TIMEx_MasterConfigSynchronization)
    HAL_TIM_Base_Init                        0x08001a31   Thumb Code    54  stm32f4xx_hal_tim.o(i.HAL_TIM_Base_Init)
    HAL_TIM_Base_MspInit                     0x08001a69   Thumb Code   104  stm32f4xx_hal_msp.o(i.HAL_TIM_Base_MspInit)
    HAL_TIM_Base_Start_IT                    0x08001add   Thumb Code    34  stm32f4xx_hal_tim.o(i.HAL_TIM_Base_Start_IT)
    HAL_TIM_GenerateEvent                    0x08001aff   Thumb Code    38  stm32f4xx_hal_tim.o(i.HAL_TIM_GenerateEvent)
    HAL_TIM_IC_CaptureCallback               0x08001b25   Thumb Code   324  motor_tim.o(i.HAL_TIM_IC_CaptureCallback)
    HAL_TIM_IC_ConfigChannel                 0x08001c6d   Thumb Code   284  stm32f4xx_hal_tim.o(i.HAL_TIM_IC_ConfigChannel)
    HAL_TIM_IC_Init                          0x08001d89   Thumb Code    54  stm32f4xx_hal_tim.o(i.HAL_TIM_IC_Init)
    HAL_TIM_IC_MspInit                       0x08001dbf   Thumb Code     2  stm32f4xx_hal_tim.o(i.HAL_TIM_IC_MspInit)
    HAL_TIM_IC_Start_IT                      0x08001dc1   Thumb Code    86  stm32f4xx_hal_tim.o(i.HAL_TIM_IC_Start_IT)
    HAL_TIM_IRQHandler                       0x08001e17   Thumb Code   358  stm32f4xx_hal_tim.o(i.HAL_TIM_IRQHandler)
    HAL_TIM_MspPostInit                      0x08001f7d   Thumb Code    70  stm32f4xx_hal_msp.o(i.HAL_TIM_MspPostInit)
    HAL_TIM_OC_DelayElapsedCallback          0x08001fd1   Thumb Code     2  stm32f4xx_hal_tim.o(i.HAL_TIM_OC_DelayElapsedCallback)
    HAL_TIM_PWM_ConfigChannel                0x08001fd3   Thumb Code   208  stm32f4xx_hal_tim.o(i.HAL_TIM_PWM_ConfigChannel)
    HAL_TIM_PWM_Init                         0x080020a3   Thumb Code    54  stm32f4xx_hal_tim.o(i.HAL_TIM_PWM_Init)
    HAL_TIM_PWM_MspInit                      0x080020d9   Thumb Code    30  stm32f4xx_hal_msp.o(i.HAL_TIM_PWM_MspInit)
    HAL_TIM_PWM_PulseFinishedCallback        0x08002101   Thumb Code     2  stm32f4xx_hal_tim.o(i.HAL_TIM_PWM_PulseFinishedCallback)
    HAL_TIM_PWM_Start                        0x08002105   Thumb Code    58  stm32f4xx_hal_tim.o(i.HAL_TIM_PWM_Start)
    HAL_TIM_PeriodElapsedCallback            0x08002149   Thumb Code    26  main.o(i.HAL_TIM_PeriodElapsedCallback)
    HAL_TIM_SlaveConfigSynchro               0x08002169   Thumb Code    82  stm32f4xx_hal_tim.o(i.HAL_TIM_SlaveConfigSynchro)
    HAL_TIM_TriggerCallback                  0x080021bb   Thumb Code     2  stm32f4xx_hal_tim.o(i.HAL_TIM_TriggerCallback)
    HAL_UART_ErrorCallback                   0x080021bd   Thumb Code    46  stm32serialrtiostream.o(i.HAL_UART_ErrorCallback)
    HAL_UART_GetState                        0x080021f5   Thumb Code    10  stm32f4xx_hal_uart.o(i.HAL_UART_GetState)
    HAL_UART_IRQHandler                      0x08002201   Thumb Code   270  stm32f4xx_hal_uart.o(i.HAL_UART_IRQHandler)
    HAL_UART_Init                            0x08002315   Thumb Code    98  stm32f4xx_hal_uart.o(i.HAL_UART_Init)
    HAL_UART_MspInit                         0x08002379   Thumb Code   110  stm32f4xx_hal_msp.o(i.HAL_UART_MspInit)
    HAL_UART_Receive_IT                      0x080023f5   Thumb Code    82  stm32f4xx_hal_uart.o(i.HAL_UART_Receive_IT)
    HAL_UART_RxCpltCallback                  0x08002449   Thumb Code    90  stm32serialrtiostream.o(i.HAL_UART_RxCpltCallback)
    HAL_UART_Transmit_IT                     0x080024b1   Thumb Code    62  stm32f4xx_hal_uart.o(i.HAL_UART_Transmit_IT)
    HAL_UART_TxCpltCallback                  0x080024f1   Thumb Code    66  stm32serialrtiostream.o(i.HAL_UART_TxCpltCallback)
    SendPktToHost                            0x08002a4d   Thumb Code    32  ext_svr.o(i.SendPktToHost)
    SetExtSerialPacket                       0x08002b29   Thumb Code   208  ext_serial_pkt.o(i.SetExtSerialPacket)
    SetParam                                 0x08002bf9   Thumb Code   104  updown.o(i.SetParam)
    SysTick_Handler                          0x08002c8d   Thumb Code    16  stm32f4xx_it.o(i.SysTick_Handler)
    SystemClock_Config                       0x08002ca1   Thumb Code   122  main.o(i.SystemClock_Config)
    SystemInit                               0x08002d25   Thumb Code    22  system_stm32f4xx.o(i.SystemInit)
    TIM3_IRQHandler                          0x08002d41   Thumb Code     6  stm32f4xx_it.o(i.TIM3_IRQHandler)
    TIM3_ItUpFcn                             0x08002d4d   Thumb Code    20  motor_tim.o(i.TIM3_ItUpFcn)
    TIM6_DAC_IRQHandler                      0x08002d69   Thumb Code     6  stm32f4xx_it.o(i.TIM6_DAC_IRQHandler)
    TIM_Base_SetConfig                       0x08002d75   Thumb Code   156  stm32f4xx_hal_tim.o(i.TIM_Base_SetConfig)
    TIM_CCxChannelCmd                        0x08002e3d   Thumb Code    26  stm32f4xx_hal_tim.o(i.TIM_CCxChannelCmd)
    TIM_ETR_SetConfig                        0x08002e57   Thumb Code    20  stm32f4xx_hal_tim.o(i.TIM_ETR_SetConfig)
    TIM_OC2_SetConfig                        0x08002ecd   Thumb Code    98  stm32f4xx_hal_tim.o(i.TIM_OC2_SetConfig)
    TIM_PeriodElapsedCustomCallback          0x08002ff1   Thumb Code    54  motor_tim.o(i.TIM_PeriodElapsedCustomCallback)
    TIM_TI1_SetConfig                        0x080030d5   Thumb Code   100  stm32f4xx_hal_tim.o(i.TIM_TI1_SetConfig)
    USART3_IRQHandler                        0x080033fd   Thumb Code     6  stm32f4xx_it.o(i.USART3_IRQHandler)
    UploadArmTrigger                         0x08003409   Thumb Code    72  updown.o(i.UploadArmTrigger)
    UploadBufAddTimePoint                    0x08003459   Thumb Code   552  updown.o(i.UploadBufAddTimePoint)
    UploadBufDataSent                        0x080036f9   Thumb Code    48  updown.o(i.UploadBufDataSent)
    UploadBufGetData                         0x08003731   Thumb Code   112  updown.o(i.UploadBufGetData)
    UploadCancelLogging                      0x080037a9   Thumb Code    46  updown.o(i.UploadCancelLogging)
    UploadCheckTrigger                       0x080037dd   Thumb Code    78  updown.o(i.UploadCheckTrigger)
    UploadEndLoggingSession                  0x080039b5   Thumb Code    20  updown.o(i.UploadEndLoggingSession)
    UploadInitTrigger                        0x080039cd   Thumb Code   222  updown.o(i.UploadInitTrigger)
    UploadLogInfoInit                        0x08003ab1   Thumb Code   252  updown.o(i.UploadLogInfoInit)
    UploadLogInfoReset                       0x08003bb1   Thumb Code    54  updown.o(i.UploadLogInfoReset)
    UploadLogInfoTerm                        0x08003bf1   Thumb Code   154  updown.o(i.UploadLogInfoTerm)
    UploadPrepareForFinalFlush               0x08003c91   Thumb Code    40  updown.o(i.UploadPrepareForFinalFlush)
    UploadServerWork                         0x08003cbd   Thumb Code   110  ext_svr.o(i.UploadServerWork)
    __scatterload_copy                       0x08003d51   Thumb Code    14  handlers.o(i.__scatterload_copy)
    __scatterload_null                       0x08003d5f   Thumb Code     2  handlers.o(i.__scatterload_null)
    __scatterload_zeroinit                   0x08003d61   Thumb Code    14  handlers.o(i.__scatterload_zeroinit)
    free                                     0x08003d71   Thumb Code    76  malloc.o(i.free)
    main                                     0x08003ded   Thumb Code   314  main.o(i.main)
    malloc                                   0x08003f4d   Thumb Code    92  malloc.o(i.malloc)
    motor_initialize                         0x08003fb9   Thumb Code   516  motor.o(i.motor_initialize)
    motor_step                               0x08004211   Thumb Code   332  motor.o(i.motor_step)
    rtERTExtModeSetTFinal                    0x080043a9   Thumb Code    60  ext_work.o(i.rtERTExtModeSetTFinal)
    rtERTExtModeStartMsg                     0x080043f9   Thumb Code     2  ext_work.o(i.rtERTExtModeStartMsg)
    rtExtModeCheckInit                       0x080043fb   Thumb Code     4  ext_work.o(i.rtExtModeCheckInit)
    rtExtModeOneStep                         0x08004401   Thumb Code    28  ext_work.o(i.rtExtModeOneStep)
    rtExtModeUpload                          0x08004421   Thumb Code     4  ext_work.o(i.rtExtModeUpload)
    rtExtModeUploadCheckTrigger              0x08004425   Thumb Code     4  ext_work.o(i.rtExtModeUploadCheckTrigger)
    rtExtModeWaitForStartPkt                 0x08004429   Thumb Code    72  ext_work.o(i.rtExtModeWaitForStartPkt)
    rtIOStreamBlockingRecv                   0x08004479   Thumb Code    50  rtiostream_utils.o(i.rtIOStreamBlockingRecv)
    rtIOStreamBlockingSend                   0x080044ab   Thumb Code    50  rtiostream_utils.o(i.rtIOStreamBlockingSend)
    rtIOStreamClose                          0x080044dd   Thumb Code     8  stm32serialrtiostream.o(i.rtIOStreamClose)
    rtIOStreamOpen                           0x080044e9   Thumb Code    28  stm32serialrtiostream.o(i.rtIOStreamOpen)
    rtIOStreamRecv                           0x08004511   Thumb Code   140  stm32serialrtiostream.o(i.rtIOStreamRecv)
    rtIOStreamSend                           0x080045a9   Thumb Code   116  stm32serialrtiostream.o(i.rtIOStreamSend)
    rtParseArgsForExtMode                    0x08004625   Thumb Code     8  ext_work.o(i.rtParseArgsForExtMode)
    rtSetTFinalForExtMode                    0x0800462d   Thumb Code     4  ext_work.o(i.rtSetTFinalForExtMode)
    rt_ExtModeInit                           0x08004631   Thumb Code    32  ext_svr.o(i.rt_ExtModeInit)
    rt_ExtModeSleep                          0x08004655   Thumb Code    12  ext_svr.o(i.rt_ExtModeSleep)
    rt_PktServerWork                         0x08004665   Thumb Code   422  ext_svr.o(i.rt_PktServerWork)
    rt_UploadBufAddTimePoint                 0x08004819   Thumb Code    46  ext_svr.o(i.rt_UploadBufAddTimePoint)
    rt_UploadCheckTrigger                    0x08004847   Thumb Code    22  ext_svr.o(i.rt_UploadCheckTrigger)
    rt_UploadServerWork                      0x0800485d   Thumb Code    22  ext_svr.o(i.rt_UploadServerWork)
    AHBPrescTable                            0x08004872   Data          16  system_stm32f4xx.o(.constdata)
    APBPrescTable                            0x08004882   Data           8  system_stm32f4xx.o(.constdata)
    motor_M                                  0x08004890   Data           4  motor.o(.constdata)
    Region$$Table$$Base                      0x0800492c   Number         0  anon$$obj.o(Region$$Table)
    Region$$Table$$Limit                     0x0800494c   Number         0  anon$$obj.o(Region$$Table)
    remainAutoReloadTimerLoopVal_S           0x20000008   Data           4  main.o(.data)
    uwTickFreq                               0x2000000c   Data           1  stm32f4xx_hal.o(.data)
    uwTickPrio                               0x20000010   Data           4  stm32f4xx_hal.o(.data)
    uwTick                                   0x20000014   Data           4  stm32f4xx_hal.o(.data)
    SystemCoreClock                          0x20000018   Data           4  system_stm32f4xx.o(.data)
    stateSend                                0x2000001d   Data           1  stm32serialrtiostream.o(.data)
    gblSetParamPktReceived                   0x2000002e   Data           1  ext_svr.o(.data)
    modelStatus                              0x20000040   Data           1  ext_work.o(.data)
    startModel                               0x20000044   Data           4  ext_work.o(.data)
    host_upstatus_is_uploading               0x20000050   Data           1  updown.o(.data)
    motor_DW                                 0x20000054   Data           1  motor.o(.data)
    motor_B                                  0x20000070   Data           8  motor.o(.data)
    G_TIM_Count                              0x20000118   Data           2  motor_tim.o(.data)
    G_TIM_Conf                               0x2000011c   Data           8  motor_tim.o(.data)
    G_TIM_Handler                            0x20000124   Data           8  motor_tim.o(.data)
    motor_P                                  0x20000130   Data           8  motor_data.o(.data)
    __microlib_freelist                      0x20000164   Data           4  mvars.o(.data)
    __microlib_freelist_initialised          0x20000168   Data           4  mvars.o(.data)
    htim3                                    0x2000016c   Data          64  main.o(.bss)
    htim4                                    0x200001ac   Data          64  main.o(.bss)
    huart3                                   0x200001ec   Data          64  main.o(.bss)
    htim6                                    0x2000022c   Data          64  stm32f4xx_hal_timebase_tim.o(.bss)
    motor_M_                                 0x20000590   Data          72  motor.o(.bss)
    TIM4_Conf                                0x200005d8   Data         148  motor_tim.o(.bss)
    TIM3_Conf                                0x2000066c   Data         148  motor_tim.o(.bss)
    __heap_base                              0x20000748   Data           0  startup_stm32f407xx.o(HEAP)
    __heap_limit                             0x20000948   Data           0  startup_stm32f407xx.o(HEAP)
    __initial_sp                             0x20000d48   Data           0  startup_stm32f407xx.o(STACK)



==============================================================================

Memory Map of the image

  Image Entry point : 0x08000189

  Load Region LR_IROM1 (Base: 0x08000000, Size: 0x00004ab8, Max: 0x00100000, ABSOLUTE, COMPRESSED[0x000049cc])

    Execution Region ER_IROM1 (Exec base: 0x08000000, Load base: 0x08000000, Size: 0x0000494c, Max: 0x00100000, ABSOLUTE)

    Exec Addr    Load Addr    Size         Type   Attr      Idx    E Section Name        Object

    0x08000000   0x08000000   0x00000188   Data   RO            3    RESET               startup_stm32f407xx.o
    0x08000188   0x08000188   0x00000000   Code   RO         3667  * .ARM.Collect$$$$00000000  mc_w.l(entry.o)
    0x08000188   0x08000188   0x00000004   Code   RO         3728    .ARM.Collect$$$$00000001  mc_w.l(entry2.o)
    0x0800018c   0x0800018c   0x00000004   Code   RO         3731    .ARM.Collect$$$$00000004  mc_w.l(entry5.o)
    0x08000190   0x08000190   0x00000000   Code   RO         3733    .ARM.Collect$$$$00000008  mc_w.l(entry7b.o)
    0x08000190   0x08000190   0x00000000   Code   RO         3735    .ARM.Collect$$$$0000000A  mc_w.l(entry8b.o)
    0x08000190   0x08000190   0x00000008   Code   RO         3736    .ARM.Collect$$$$0000000B  mc_w.l(entry9a.o)
    0x08000198   0x08000198   0x00000000   Code   RO         3738    .ARM.Collect$$$$0000000D  mc_w.l(entry10a.o)
    0x08000198   0x08000198   0x00000000   Code   RO         3740    .ARM.Collect$$$$0000000F  mc_w.l(entry11a.o)
    0x08000198   0x08000198   0x00000004   Code   RO         3729    .ARM.Collect$$$$00002712  mc_w.l(entry2.o)
    0x0800019c   0x0800019c   0x00000024   Code   RO            4    .text               startup_stm32f407xx.o
    0x080001c0   0x080001c0   0x00000062   Code   RO         3670    .text               mc_w.l(uldiv.o)
    0x08000222   0x08000222   0x00000024   Code   RO         3672    .text               mc_w.l(memcpya.o)
    0x08000246   0x08000246   0x00000024   Code   RO         3674    .text               mc_w.l(memseta.o)
    0x0800026a   0x0800026a   0x0000001c   Code   RO         3676    .text               mc_w.l(strcmp.o)
    0x08000286   0x08000286   0x0000001c   Code   RO         3708    .text               mc_w.l(calloc.o)
    0x080002a2   0x080002a2   0x0000014e   Code   RO         3710    .text               mf_w.l(dadd.o)
    0x080003f0   0x080003f0   0x000000e4   Code   RO         3712    .text               mf_w.l(dmul.o)
    0x080004d4   0x080004d4   0x000000de   Code   RO         3714    .text               mf_w.l(ddiv.o)
    0x080005b2   0x080005b2   0x00000022   Code   RO         3716    .text               mf_w.l(dflti.o)
    0x080005d4   0x080005d4   0x0000001a   Code   RO         3718    .text               mf_w.l(dfltui.o)
    0x080005ee   0x080005ee   0x0000003e   Code   RO         3720    .text               mf_w.l(dfixi.o)
    0x0800062c   0x0800062c   0x00000032   Code   RO         3722    .text               mf_w.l(dfixui.o)
    0x0800065e   0x0800065e   0x00000002   PAD
    0x08000660   0x08000660   0x00000030   Code   RO         3724    .text               mf_w.l(cdcmple.o)
    0x08000690   0x08000690   0x00000030   Code   RO         3726    .text               mf_w.l(cdrcmple.o)
    0x080006c0   0x080006c0   0x0000001e   Code   RO         3742    .text               mc_w.l(llshl.o)
    0x080006de   0x080006de   0x00000020   Code   RO         3744    .text               mc_w.l(llushr.o)
    0x080006fe   0x080006fe   0x00000024   Code   RO         3746    .text               mc_w.l(llsshr.o)
    0x08000722   0x08000722   0x00000000   Code   RO         3750    .text               mc_w.l(iusefp.o)
    0x08000722   0x08000722   0x000000ba   Code   RO         3751    .text               mf_w.l(depilogue.o)
    0x080007dc   0x080007dc   0x00000024   Code   RO         3753    .text               mc_w.l(init.o)
    0x08000800   0x08000800   0x00000056   Code   RO         3763    .text               mc_w.l(__dczerorl2.o)
    0x08000856   0x08000856   0x00000022   Code   RO         3512    i.AddToFIFOFree     ext_svr_serial_transport.o
    0x08000878   0x08000878   0x0000000c   Code   RO         3513    i.ExtCloseConnection  ext_svr_serial_transport.o
    0x08000884   0x08000884   0x00000010   Code   RO         3514    i.ExtForceDisconnect  ext_svr_serial_transport.o
    0x08000894   0x08000894   0x0000006a   Code   RO         3515    i.ExtGetHostPkt     ext_svr_serial_transport.o
    0x080008fe   0x080008fe   0x00000002   PAD
    0x08000900   0x08000900   0x00000084   Code   RO         3516    i.ExtGetPkt         ext_svr_serial_transport.o
    0x08000984   0x08000984   0x0000006c   Code   RO         3517    i.ExtGetPktBlocking  ext_svr_serial_transport.o
    0x080009f0   0x080009f0   0x00000004   Code   RO         3518    i.ExtInit           ext_svr_serial_transport.o
    0x080009f4   0x080009f4   0x00000002   Code   RO         3519    i.ExtModeSleep      ext_svr_serial_transport.o
    0x080009f6   0x080009f6   0x0000000c   Code   RO         3520    i.ExtOpenConnection  ext_svr_serial_transport.o
    0x08000a02   0x08000a02   0x00000002   PAD
    0x08000a04   0x08000a04   0x00000054   Code   RO         3521    i.ExtOpenSerialConnection  ext_svr_serial_transport.o
    0x08000a58   0x08000a58   0x00000070   Code   RO         2896    i.ExtParseArgsAndInitUD  ext_svr.o
    0x08000ac8   0x08000ac8   0x00000078   Code   RO         3522    i.ExtProcessArgs    ext_svr_serial_transport.o
    0x08000b40   0x08000b40   0x0000005c   Code   RO         3523    i.ExtResetSerialConnection  ext_svr_serial_transport.o
    0x08000b9c   0x08000b9c   0x0000004c   Code   RO         3462    i.ExtSerialPortConnect  rtiostream_serial_interface.o
    0x08000be8   0x08000be8   0x00000018   Code   RO         3463    i.ExtSerialPortCreate  rtiostream_serial_interface.o
    0x08000c00   0x08000c00   0x00000050   Code   RO         3464    i.ExtSerialPortDataPending  rtiostream_serial_interface.o
    0x08000c50   0x08000c50   0x00000034   Code   RO         3465    i.ExtSerialPortDisconnect  rtiostream_serial_interface.o
    0x08000c84   0x08000c84   0x00000070   Code   RO         3466    i.ExtSerialPortGetData  rtiostream_serial_interface.o
    0x08000cf4   0x08000cf4   0x00000028   Code   RO         3467    i.ExtSerialPortSetData  rtiostream_serial_interface.o
    0x08000d1c   0x08000d1c   0x0000004c   Code   RO         3524    i.ExtSetHostPkt     ext_svr_serial_transport.o
    0x08000d68   0x08000d68   0x00000098   Code   RO         3525    i.ExtSetPkt         ext_svr_serial_transport.o
    0x08000e00   0x08000e00   0x00000008   Code   RO         3527    i.ExtUserDataCreate  ext_svr_serial_transport.o
    0x08000e08   0x08000e08   0x00000002   Code   RO         3528    i.ExtUserDataDestroy  ext_svr_serial_transport.o
    0x08000e0a   0x08000e0a   0x00000002   PAD
    0x08000e0c   0x08000e0c   0x0000000c   Code   RO         2897    i.ExtWaitForStartPkt  ext_svr.o
    0x08000e18   0x08000e18   0x00000004   Code   RO         3529    i.ExtWaitForStartPktFromHost  ext_svr_serial_transport.o
    0x08000e1c   0x08000e1c   0x0000003a   Code   RO         3433    i.Filter            ext_serial_pkt.o
    0x08000e56   0x08000e56   0x00000002   PAD
    0x08000e58   0x08000e58   0x0000002c   Code   RO         2898    i.ForceDisconnectFromHost  ext_svr.o
    0x08000e84   0x08000e84   0x000001e2   Code   RO         3434    i.GetExtSerialPacket  ext_serial_pkt.o
    0x08001066   0x08001066   0x00000002   PAD
    0x08001068   0x08001068   0x00000070   Code   RO         2899    i.GetPkt            ext_svr.o
    0x080010d8   0x080010d8   0x00000024   Code   RO         1770    i.HAL_DMA_Abort_IT  stm32f4xx_hal_dma.o
    0x080010fc   0x080010fc   0x000001b4   Code   RO         1662    i.HAL_GPIO_Init     stm32f4xx_hal_gpio.o
    0x080012b0   0x080012b0   0x0000000e   Code   RO         1665    i.HAL_GPIO_TogglePin  stm32f4xx_hal_gpio.o
    0x080012be   0x080012be   0x0000000a   Code   RO         1666    i.HAL_GPIO_WritePin  stm32f4xx_hal_gpio.o
    0x080012c8   0x080012c8   0x0000000c   Code   RO         2194    i.HAL_GetTick       stm32f4xx_hal.o
    0x080012d4   0x080012d4   0x00000010   Code   RO         2200    i.HAL_IncTick       stm32f4xx_hal.o
    0x080012e4   0x080012e4   0x00000034   Code   RO         2201    i.HAL_Init          stm32f4xx_hal.o
    0x08001318   0x08001318   0x00000074   Code   RO          340    i.HAL_InitTick      stm32f4xx_hal_timebase_tim.o
    0x0800138c   0x0800138c   0x00000034   Code   RO          274    i.HAL_MspInit       stm32f4xx_hal_msp.o
    0x080013c0   0x080013c0   0x0000001a   Code   RO         2051    i.HAL_NVIC_EnableIRQ  stm32f4xx_hal_cortex.o
    0x080013da   0x080013da   0x00000002   PAD
    0x080013dc   0x080013dc   0x00000040   Code   RO         2057    i.HAL_NVIC_SetPriority  stm32f4xx_hal_cortex.o
    0x0800141c   0x0800141c   0x00000024   Code   RO         2058    i.HAL_NVIC_SetPriorityGrouping  stm32f4xx_hal_cortex.o
    0x08001440   0x08001440   0x00000134   Code   RO         1308    i.HAL_RCC_ClockConfig  stm32f4xx_hal_rcc.o
    0x08001574   0x08001574   0x00000040   Code   RO         1312    i.HAL_RCC_GetClockConfig  stm32f4xx_hal_rcc.o
    0x080015b4   0x080015b4   0x00000020   Code   RO         1315    i.HAL_RCC_GetPCLK1Freq  stm32f4xx_hal_rcc.o
    0x080015d4   0x080015d4   0x00000020   Code   RO         1316    i.HAL_RCC_GetPCLK2Freq  stm32f4xx_hal_rcc.o
    0x080015f4   0x080015f4   0x00000060   Code   RO         1317    i.HAL_RCC_GetSysClockFreq  stm32f4xx_hal_rcc.o
    0x08001654   0x08001654   0x00000348   Code   RO         1320    i.HAL_RCC_OscConfig  stm32f4xx_hal_rcc.o
    0x0800199c   0x0800199c   0x00000002   Code   RO         1056    i.HAL_TIMEx_BreakCallback  stm32f4xx_hal_tim_ex.o
    0x0800199e   0x0800199e   0x00000002   Code   RO         1057    i.HAL_TIMEx_CommutCallback  stm32f4xx_hal_tim_ex.o
    0x080019a0   0x080019a0   0x00000090   Code   RO         1074    i.HAL_TIMEx_MasterConfigSynchronization  stm32f4xx_hal_tim_ex.o
    0x08001a30   0x08001a30   0x00000036   Code   RO          381    i.HAL_TIM_Base_Init  stm32f4xx_hal_tim.o
    0x08001a66   0x08001a66   0x00000002   PAD
    0x08001a68   0x08001a68   0x00000074   Code   RO          276    i.HAL_TIM_Base_MspInit  stm32f4xx_hal_msp.o
    0x08001adc   0x08001adc   0x00000022   Code   RO          386    i.HAL_TIM_Base_Start_IT  stm32f4xx_hal_tim.o
    0x08001afe   0x08001afe   0x00000026   Code   RO          409    i.HAL_TIM_GenerateEvent  stm32f4xx_hal_tim.o
    0x08001b24   0x08001b24   0x00000148   Code   RO         3361    i.HAL_TIM_IC_CaptureCallback  motor_tim.o
    0x08001c6c   0x08001c6c   0x0000011c   Code   RO          412    i.HAL_TIM_IC_ConfigChannel  stm32f4xx_hal_tim.o
    0x08001d88   0x08001d88   0x00000036   Code   RO          415    i.HAL_TIM_IC_Init   stm32f4xx_hal_tim.o
    0x08001dbe   0x08001dbe   0x00000002   Code   RO          417    i.HAL_TIM_IC_MspInit  stm32f4xx_hal_tim.o
    0x08001dc0   0x08001dc0   0x00000056   Code   RO          420    i.HAL_TIM_IC_Start_IT  stm32f4xx_hal_tim.o
    0x08001e16   0x08001e16   0x00000166   Code   RO          424    i.HAL_TIM_IRQHandler  stm32f4xx_hal_tim.o
    0x08001f7c   0x08001f7c   0x00000054   Code   RO          277    i.HAL_TIM_MspPostInit  stm32f4xx_hal_msp.o
    0x08001fd0   0x08001fd0   0x00000002   Code   RO          427    i.HAL_TIM_OC_DelayElapsedCallback  stm32f4xx_hal_tim.o
    0x08001fd2   0x08001fd2   0x000000d0   Code   RO          448    i.HAL_TIM_PWM_ConfigChannel  stm32f4xx_hal_tim.o
    0x080020a2   0x080020a2   0x00000036   Code   RO          451    i.HAL_TIM_PWM_Init  stm32f4xx_hal_tim.o
    0x080020d8   0x080020d8   0x00000028   Code   RO          279    i.HAL_TIM_PWM_MspInit  stm32f4xx_hal_msp.o
    0x08002100   0x08002100   0x00000002   Code   RO          454    i.HAL_TIM_PWM_PulseFinishedCallback  stm32f4xx_hal_tim.o
    0x08002102   0x08002102   0x00000002   PAD
    0x08002104   0x08002104   0x00000044   Code   RO          456    i.HAL_TIM_PWM_Start  stm32f4xx_hal_tim.o
    0x08002148   0x08002148   0x00000020   Code   RO           14    i.HAL_TIM_PeriodElapsedCallback  main.o
    0x08002168   0x08002168   0x00000052   Code   RO          465    i.HAL_TIM_SlaveConfigSynchro  stm32f4xx_hal_tim.o
    0x080021ba   0x080021ba   0x00000002   Code   RO          467    i.HAL_TIM_TriggerCallback  stm32f4xx_hal_tim.o
    0x080021bc   0x080021bc   0x00000038   Code   RO         2818    i.HAL_UART_ErrorCallback  stm32serialrtiostream.o
    0x080021f4   0x080021f4   0x0000000a   Code   RO         2462    i.HAL_UART_GetState  stm32f4xx_hal_uart.o
    0x080021fe   0x080021fe   0x00000002   PAD
    0x08002200   0x08002200   0x00000114   Code   RO         2463    i.HAL_UART_IRQHandler  stm32f4xx_hal_uart.o
    0x08002314   0x08002314   0x00000062   Code   RO         2464    i.HAL_UART_Init     stm32f4xx_hal_uart.o
    0x08002376   0x08002376   0x00000002   PAD
    0x08002378   0x08002378   0x0000007c   Code   RO          281    i.HAL_UART_MspInit  stm32f4xx_hal_msp.o
    0x080023f4   0x080023f4   0x00000052   Code   RO         2469    i.HAL_UART_Receive_IT  stm32f4xx_hal_uart.o
    0x08002446   0x08002446   0x00000002   PAD
    0x08002448   0x08002448   0x00000068   Code   RO         2819    i.HAL_UART_RxCpltCallback  stm32serialrtiostream.o
    0x080024b0   0x080024b0   0x0000003e   Code   RO         2474    i.HAL_UART_Transmit_IT  stm32f4xx_hal_uart.o
    0x080024ee   0x080024ee   0x00000002   PAD
    0x080024f0   0x080024f0   0x0000004c   Code   RO         2820    i.HAL_UART_TxCpltCallback  stm32serialrtiostream.o
    0x0800253c   0x0800253c   0x000000ae   Code   RO         3140    i.InitSysUploadTable  updown.o
    0x080025ea   0x080025ea   0x0000003c   Code   RO         3141    i.InitUploadSection  updown.o
    0x08002626   0x08002626   0x00000024   Code   RO         3530    i.InsertFIFO        ext_svr_serial_transport.o
    0x0800264a   0x0800264a   0x00000002   PAD
    0x0800264c   0x0800264c   0x00000010   Code   RO         3531    i.InsertFIFOFree    ext_svr_serial_transport.o
    0x0800265c   0x0800265c   0x00000090   Code   RO           15    i.MX_GPIO_Init      main.o
    0x080026ec   0x080026ec   0x00000078   Code   RO           16    i.MX_TIM3_Init      main.o
    0x08002764   0x08002764   0x0000005c   Code   RO           17    i.MX_TIM4_Init      main.o
    0x080027c0   0x080027c0   0x00000048   Code   RO         2900    i.ProcessCancelLoggingArmTriggerPkt  ext_svr.o
    0x08002808   0x08002808   0x000000d8   Code   RO         2901    i.ProcessConnectPkt  ext_svr.o
    0x080028e0   0x080028e0   0x00000082   Code   RO         2902    i.ProcessGetParamsPkt  ext_svr.o
    0x08002962   0x08002962   0x00000068   Code   RO         2903    i.ProcessSelectTriggerSignalPkt  ext_svr.o
    0x080029ca   0x080029ca   0x00000024   Code   RO         3532    i.RemoveFIFO        ext_svr_serial_transport.o
    0x080029ee   0x080029ee   0x00000002   PAD
    0x080029f0   0x080029f0   0x0000000c   Code   RO         3533    i.RemoveFIFOFree    ext_svr_serial_transport.o
    0x080029fc   0x080029fc   0x0000000c   Code   RO         3534    i.RemoveFIFOPkt     ext_svr_serial_transport.o
    0x08002a08   0x08002a08   0x00000020   Code   RO         2904    i.SendPktDataToHost  ext_svr.o
    0x08002a28   0x08002a28   0x00000024   Code   RO         2905    i.SendPktHdrToHost  ext_svr.o
    0x08002a4c   0x08002a4c   0x00000020   Code   RO         2906    i.SendPktToHost     ext_svr.o
    0x08002a6c   0x08002a6c   0x00000010   Code   RO         2907    i.SendResponseStatus  ext_svr.o
    0x08002a7c   0x08002a7c   0x00000094   Code   RO         3142    i.SetExtBufListFields  updown.o
    0x08002b10   0x08002b10   0x00000018   Code   RO         3143    i.SetExtBufListFieldsForEmptyList  updown.o
    0x08002b28   0x08002b28   0x000000d0   Code   RO         3435    i.SetExtSerialPacket  ext_serial_pkt.o
    0x08002bf8   0x08002bf8   0x00000068   Code   RO         3144    i.SetParam          updown.o
    0x08002c60   0x08002c60   0x0000002c   Code   RO           18    i.SysTick_Config    main.o
    0x08002c8c   0x08002c8c   0x00000014   Code   RO          224    i.SysTick_Handler   stm32f4xx_it.o
    0x08002ca0   0x08002ca0   0x00000084   Code   RO           19    i.SystemClock_Config  main.o
    0x08002d24   0x08002d24   0x0000001c   Code   RO         2766    i.SystemInit        system_stm32f4xx.o
    0x08002d40   0x08002d40   0x0000000c   Code   RO          225    i.TIM3_IRQHandler   stm32f4xx_it.o
    0x08002d4c   0x08002d4c   0x0000001c   Code   RO         3362    i.TIM3_ItUpFcn      motor_tim.o
    0x08002d68   0x08002d68   0x0000000c   Code   RO          226    i.TIM6_DAC_IRQHandler  stm32f4xx_it.o
    0x08002d74   0x08002d74   0x000000c8   Code   RO          469    i.TIM_Base_SetConfig  stm32f4xx_hal_tim.o
    0x08002e3c   0x08002e3c   0x0000001a   Code   RO          470    i.TIM_CCxChannelCmd  stm32f4xx_hal_tim.o
    0x08002e56   0x08002e56   0x00000014   Code   RO          480    i.TIM_ETR_SetConfig  stm32f4xx_hal_tim.o
    0x08002e6a   0x08002e6a   0x00000002   PAD
    0x08002e6c   0x08002e6c   0x00000060   Code   RO          482    i.TIM_OC1_SetConfig  stm32f4xx_hal_tim.o
    0x08002ecc   0x08002ecc   0x0000006c   Code   RO          483    i.TIM_OC2_SetConfig  stm32f4xx_hal_tim.o
    0x08002f38   0x08002f38   0x00000068   Code   RO          484    i.TIM_OC3_SetConfig  stm32f4xx_hal_tim.o
    0x08002fa0   0x08002fa0   0x00000050   Code   RO          485    i.TIM_OC4_SetConfig  stm32f4xx_hal_tim.o
    0x08002ff0   0x08002ff0   0x0000003c   Code   RO         3363    i.TIM_PeriodElapsedCustomCallback  motor_tim.o
    0x0800302c   0x0800302c   0x00000086   Code   RO          486    i.TIM_SlaveTimer_SetConfig  stm32f4xx_hal_tim.o
    0x080030b2   0x080030b2   0x00000022   Code   RO          487    i.TIM_TI1_ConfigInputStage  stm32f4xx_hal_tim.o
    0x080030d4   0x080030d4   0x00000080   Code   RO          488    i.TIM_TI1_SetConfig  stm32f4xx_hal_tim.o
    0x08003154   0x08003154   0x00000024   Code   RO          489    i.TIM_TI2_ConfigInputStage  stm32f4xx_hal_tim.o
    0x08003178   0x08003178   0x00000036   Code   RO          490    i.TIM_TI2_SetConfig  stm32f4xx_hal_tim.o
    0x080031ae   0x080031ae   0x00000010   Code   RO         2477    i.UART_DMAAbortOnError  stm32f4xx_hal_uart.o
    0x080031be   0x080031be   0x0000001c   Code   RO         2487    i.UART_EndRxTransfer  stm32f4xx_hal_uart.o
    0x080031da   0x080031da   0x00000096   Code   RO         2489    i.UART_Receive_IT   stm32f4xx_hal_uart.o
    0x08003270   0x08003270   0x00000128   Code   RO         2490    i.UART_SetConfig    stm32f4xx_hal_uart.o
    0x08003398   0x08003398   0x00000062   Code   RO         2491    i.UART_Transmit_IT  stm32f4xx_hal_uart.o
    0x080033fa   0x080033fa   0x00000002   PAD
    0x080033fc   0x080033fc   0x0000000c   Code   RO          227    i.USART3_IRQHandler  stm32f4xx_it.o
    0x08003408   0x08003408   0x00000050   Code   RO         3145    i.UploadArmTrigger  updown.o
    0x08003458   0x08003458   0x0000022c   Code   RO         3146    i.UploadBufAddTimePoint  updown.o
    0x08003684   0x08003684   0x00000072   Code   RO         3147    i.UploadBufAssignMem  updown.o
    0x080036f6   0x080036f6   0x00000002   PAD
    0x080036f8   0x080036f8   0x00000038   Code   RO         3148    i.UploadBufDataSent  updown.o
    0x08003730   0x08003730   0x00000078   Code   RO         3149    i.UploadBufGetData  updown.o
    0x080037a8   0x080037a8   0x00000034   Code   RO         3150    i.UploadCancelLogging  updown.o
    0x080037dc   0x080037dc   0x00000054   Code   RO         3152    i.UploadCheckTrigger  updown.o
    0x08003830   0x08003830   0x00000124   Code   RO         3153    i.UploadCheckTriggerSignals  updown.o
    0x08003954   0x08003954   0x00000060   Code   RO         3154    i.UploadDestroyTrigger  updown.o
    0x080039b4   0x080039b4   0x00000018   Code   RO         3155    i.UploadEndLoggingSession  updown.o
    0x080039cc   0x080039cc   0x000000e4   Code   RO         3156    i.UploadInitTrigger  updown.o
    0x08003ab0   0x08003ab0   0x00000100   Code   RO         3157    i.UploadLogInfoInit  updown.o
    0x08003bb0   0x08003bb0   0x00000040   Code   RO         3158    i.UploadLogInfoReset  updown.o
    0x08003bf0   0x08003bf0   0x000000a0   Code   RO         3159    i.UploadLogInfoTerm  updown.o
    0x08003c90   0x08003c90   0x0000002c   Code   RO         3160    i.UploadPrepareForFinalFlush  updown.o
    0x08003cbc   0x08003cbc   0x00000074   Code   RO         2908    i.UploadServerWork  ext_svr.o
    0x08003d30   0x08003d30   0x00000020   Code   RO         2064    i.__NVIC_SetPriority  stm32f4xx_hal_cortex.o
    0x08003d50   0x08003d50   0x0000000e   Code   RO         3757    i.__scatterload_copy  mc_w.l(handlers.o)
    0x08003d5e   0x08003d5e   0x00000002   Code   RO         3758    i.__scatterload_null  mc_w.l(handlers.o)
    0x08003d60   0x08003d60   0x0000000e   Code   RO         3759    i.__scatterload_zeroinit  mc_w.l(handlers.o)
    0x08003d6e   0x08003d6e   0x00000002   PAD
    0x08003d70   0x08003d70   0x00000050   Code   RO         3680    i.free              mc_w.l(malloc.o)
    0x08003dc0   0x08003dc0   0x0000000c   Code   RO         3535    i.isFIFOEmpty       ext_svr_serial_transport.o
    0x08003dcc   0x08003dcc   0x00000010   Code   RO         3536    i.isFIFOFreeEmpty   ext_svr_serial_transport.o
    0x08003ddc   0x08003ddc   0x00000010   Code   RO         3537    i.isFIFOPktEmpty    ext_svr_serial_transport.o
    0x08003dec   0x08003dec   0x00000160   Code   RO           20    i.main              main.o
    0x08003f4c   0x08003f4c   0x0000006c   Code   RO         3681    i.malloc            mc_w.l(malloc.o)
    0x08003fb8   0x08003fb8   0x00000258   Code   RO         3299    i.motor_initialize  motor.o
    0x08004210   0x08004210   0x00000198   Code   RO         3300    i.motor_step        motor.o
    0x080043a8   0x080043a8   0x00000050   Code   RO         3042    i.rtERTExtModeSetTFinal  ext_work.o
    0x080043f8   0x080043f8   0x00000002   Code   RO         3043    i.rtERTExtModeStartMsg  ext_work.o
    0x080043fa   0x080043fa   0x00000004   Code   RO         3045    i.rtExtModeCheckInit  ext_work.o
    0x080043fe   0x080043fe   0x00000002   PAD
    0x08004400   0x08004400   0x00000020   Code   RO         3046    i.rtExtModeOneStep  ext_work.o
    0x08004420   0x08004420   0x00000004   Code   RO         3050    i.rtExtModeUpload   ext_work.o
    0x08004424   0x08004424   0x00000004   Code   RO         3051    i.rtExtModeUploadCheckTrigger  ext_work.o
    0x08004428   0x08004428   0x00000050   Code   RO         3052    i.rtExtModeWaitForStartPkt  ext_work.o
    0x08004478   0x08004478   0x00000032   Code   RO         3272    i.rtIOStreamBlockingRecv  rtiostream_utils.o
    0x080044aa   0x080044aa   0x00000032   Code   RO         3273    i.rtIOStreamBlockingSend  rtiostream_utils.o
    0x080044dc   0x080044dc   0x0000000c   Code   RO         2821    i.rtIOStreamClose   stm32serialrtiostream.o
    0x080044e8   0x080044e8   0x00000028   Code   RO         2822    i.rtIOStreamOpen    stm32serialrtiostream.o
    0x08004510   0x08004510   0x00000098   Code   RO         2823    i.rtIOStreamRecv    stm32serialrtiostream.o
    0x080045a8   0x080045a8   0x0000007c   Code   RO         2824    i.rtIOStreamSend    stm32serialrtiostream.o
    0x08004624   0x08004624   0x00000008   Code   RO         3053    i.rtParseArgsForExtMode  ext_work.o
    0x0800462c   0x0800462c   0x00000004   Code   RO         3054    i.rtSetTFinalForExtMode  ext_work.o
    0x08004630   0x08004630   0x00000024   Code   RO         2909    i.rt_ExtModeInit    ext_svr.o
    0x08004654   0x08004654   0x00000010   Code   RO         2911    i.rt_ExtModeSleep   ext_svr.o
    0x08004664   0x08004664   0x000001b4   Code   RO         2912    i.rt_PktServerWork  ext_svr.o
    0x08004818   0x08004818   0x0000002e   Code   RO         2913    i.rt_UploadBufAddTimePoint  ext_svr.o
    0x08004846   0x08004846   0x00000016   Code   RO         2915    i.rt_UploadCheckTrigger  ext_svr.o
    0x0800485c   0x0800485c   0x00000016   Code   RO         2916    i.rt_UploadServerWork  ext_svr.o
    0x08004872   0x08004872   0x00000010   Data   RO         2767    .constdata          system_stm32f4xx.o
    0x08004882   0x08004882   0x00000008   Data   RO         2768    .constdata          system_stm32f4xx.o
    0x0800488a   0x0800488a   0x00000002   PAD
    0x0800488c   0x0800488c   0x00000008   Data   RO         3303    .constdata          motor.o
    0x08004894   0x08004894   0x00000096   Data   RO         3304    .conststring        motor.o
    0x0800492a   0x0800492a   0x00000002   PAD
    0x0800492c   0x0800492c   0x00000020   Data   RO         3755    Region$$Table       anon$$obj.o


    Execution Region RW_IRAM2 (Exec base: 0x10000000, Load base: 0x080049cc, Size: 0x00000000, Max: 0x00010000, ABSOLUTE)

    **** No section assigned to this execution region ****


    Execution Region RW_IRAM1 (Exec base: 0x20000000, Load base: 0x0800494c, Size: 0x00000d48, Max: 0x00020000, ABSOLUTE, COMPRESSED[0x00000080])

    Exec Addr    Load Addr    Size         Type   Attr      Idx    E Section Name        Object

    0x20000000   COMPRESSED   0x0000000c   Data   RW           22    .data               main.o
    0x2000000c   COMPRESSED   0x0000000c   Data   RW         2208    .data               stm32f4xx_hal.o
    0x20000018   COMPRESSED   0x00000004   Data   RW         2769    .data               system_stm32f4xx.o
    0x2000001c   COMPRESSED   0x00000010   Data   RW         2826    .data               stm32serialrtiostream.o
    0x2000002c   COMPRESSED   0x00000014   Data   RW         2917    .data               ext_svr.o
    0x20000040   COMPRESSED   0x00000010   Data   RW         3055    .data               ext_work.o
    0x20000050   COMPRESSED   0x00000003   Data   RW         3162    .data               updown.o
    0x20000053   COMPRESSED   0x00000001   PAD
    0x20000054   COMPRESSED   0x00000094   Data   RW         3305    .data               motor.o
    0x200000e8   COMPRESSED   0x00000020   Data   RW         3306    .data               motor.o
    0x20000108   COMPRESSED   0x00000010   Data   RW         3307    .data               motor.o
    0x20000118   COMPRESSED   0x00000002   Data   RW         3366    .data               motor_tim.o
    0x2000011a   COMPRESSED   0x00000002   PAD
    0x2000011c   COMPRESSED   0x00000010   Data   RW         3368    .data               motor_tim.o
    0x2000012c   COMPRESSED   0x00000004   PAD
    0x20000130   COMPRESSED   0x00000008   Data   RW         3408    .data               motor_data.o
    0x20000138   COMPRESSED   0x00000008   Data   RW         3468    .data               rtiostream_serial_interface.o
    0x20000140   COMPRESSED   0x00000024   Data   RW         3540    .data               ext_svr_serial_transport.o
    0x20000164   COMPRESSED   0x00000004   Data   RW         3748    .data               mc_w.l(mvars.o)
    0x20000168   COMPRESSED   0x00000004   Data   RW         3749    .data               mc_w.l(mvars.o)
    0x2000016c        -       0x000000c0   Zero   RW           21    .bss                main.o
    0x2000022c        -       0x00000040   Zero   RW          343    .bss                stm32f4xx_hal_timebase_tim.o
    0x2000026c        -       0x00000200   Zero   RW         2825    .bss                stm32serialrtiostream.o
    0x2000046c   COMPRESSED   0x00000004   PAD
    0x20000470        -       0x000000e0   Zero   RW         3161    .bss                updown.o
    0x20000550        -       0x0000003c   Zero   RW         3301    .bss                motor.o
    0x2000058c   COMPRESSED   0x00000004   PAD
    0x20000590        -       0x00000048   Zero   RW         3302    .bss                motor.o
    0x200005d8        -       0x00000094   Zero   RW         3364    .bss                motor_tim.o
    0x2000066c        -       0x00000094   Zero   RW         3365    .bss                motor_tim.o
    0x20000700        -       0x00000024   Zero   RW         3538    .bss                ext_svr_serial_transport.o
    0x20000724        -       0x00000024   Zero   RW         3539    .bss                ext_svr_serial_transport.o
    0x20000748        -       0x00000200   Zero   RW            2    HEAP                startup_stm32f407xx.o
    0x20000948        -       0x00000400   Zero   RW            1    STACK               startup_stm32f407xx.o


==============================================================================

Image component sizes


      Code (inc. data)   RO Data    RW Data    ZI Data      Debug   Object Name

       748         12          0          0          0       6486   ext_serial_pkt.o
      1612        140          0         20          0      21586   ext_svr.o
      1120        112          0         36         72      21470   ext_svr_serial_transport.o
       218         32          0         16          0       8355   ext_work.o
       916         86          0         12        192     726867   main.o
      1008        164        158        196        132       5678   motor.o
         0          0          0          8          0       2433   motor_data.o
       416         18          0         18        296       4970   motor_tim.o
       384         34          0          8          0       6632   rtiostream_serial_interface.o
       100          0          0          0          0       2538   rtiostream_utils.o
        36          8        392          0       1536        852   startup_stm32f407xx.o
        80         14          0         12          0       8162   stm32f4xx_hal.o
       158         14          0          0          0      33194   stm32f4xx_hal_cortex.o
        36          0          0          0          0       1243   stm32f4xx_hal_dma.o
       460         46          0          0          0       3197   stm32f4xx_hal_gpio.o
       416         54          0          0          0       3632   stm32f4xx_hal_msp.o
      1372         82          0          0          0       6129   stm32f4xx_hal_rcc.o
      2348        126          0          0          0      22196   stm32f4xx_hal_tim.o
       148         28          0          0          0       2597   stm32f4xx_hal_tim_ex.o
       116         16          0          0         64       1439   stm32f4xx_hal_timebase_tim.o
      1116         14          0          0          0       8183   stm32f4xx_hal_uart.o
        56         22          0          0          0       1910   stm32f4xx_it.o
       564         70          0         16        512       7646   stm32serialrtiostream.o
        28          6         24          4          0       1175   system_stm32f4xx.o
      2736        114          0          3        224      24189   updown.o

    ----------------------------------------------------------------------
     16228       1212        610        356       3036     932759   Object Totals
         0          0         32          0          0          0   (incl. Generated)
        36          0          4          7          8          0   (incl. Padding)

    ----------------------------------------------------------------------

      Code (inc. data)   RO Data    RW Data    ZI Data      Debug   Library Member Name

        86          0          0          0          0          0   __dczerorl2.o
        28          0          0          0          0         76   calloc.o
         0          0          0          0          0          0   entry.o
         0          0          0          0          0          0   entry10a.o
         0          0          0          0          0          0   entry11a.o
         8          4          0          0          0          0   entry2.o
         4          0          0          0          0          0   entry5.o
         0          0          0          0          0          0   entry7b.o
         0          0          0          0          0          0   entry8b.o
         8          4          0          0          0          0   entry9a.o
        30          0          0          0          0          0   handlers.o
        36          8          0          0          0         68   init.o
         0          0          0          0          0          0   iusefp.o
        30          0          0          0          0         68   llshl.o
        36          0          0          0          0         68   llsshr.o
        32          0          0          0          0         68   llushr.o
       188         20          0          0          0        160   malloc.o
        36          0          0          0          0         68   memcpya.o
        36          0          0          0          0        108   memseta.o
         0          0          0          8          0          0   mvars.o
        28          0          0          0          0         76   strcmp.o
        98          0          0          0          0         92   uldiv.o
        48          0          0          0          0         68   cdcmple.o
        48          0          0          0          0         68   cdrcmple.o
       334          0          0          0          0        148   dadd.o
       222          0          0          0          0        100   ddiv.o
       186          0          0          0          0        176   depilogue.o
        62          0          0          0          0         80   dfixi.o
        50          0          0          0          0         76   dfixui.o
        34          0          0          0          0         76   dflti.o
        26          0          0          0          0         76   dfltui.o
       228          0          0          0          0         96   dmul.o

    ----------------------------------------------------------------------
      1926         36          0          8          0       1816   Library Totals
         4          0          0          0          0          0   (incl. Padding)

    ----------------------------------------------------------------------

      Code (inc. data)   RO Data    RW Data    ZI Data      Debug   Library Name

       684         36          0          8          0        852   mc_w.l
      1238          0          0          0          0        964   mf_w.l

    ----------------------------------------------------------------------
      1926         36          0          8          0       1816   Library Totals

    ----------------------------------------------------------------------

==============================================================================


      Code (inc. data)   RO Data    RW Data    ZI Data      Debug   

     18154       1248        610        364       3036     917571   Grand Totals
     18154       1248        610        128       3036     917571   ELF Image Totals (compressed)
     18154       1248        610        128          0          0   ROM Totals

==============================================================================

    Total RO  Size (Code + RO Data)                18764 (  18.32kB)
    Total RW  Size (RW Data + ZI Data)              3400 (   3.32kB)
    Total ROM Size (Code + RO Data + RW Data)      18892 (  18.45kB)

==============================================================================

