<html>
<body>
<pre>
<h1>µVision Build Log</h1>
<h2>Tool Versions:</h2>
IDE-Version: µVision V5.31.0.0
Copyright (C) 2020 ARM Ltd and ARM Germany GmbH. All rights reserved.
License Information: Jeremie tuzizila, UNC Charlotte, LIC=----
 
Tool Versions:
Toolchain:       MDK-Lite  Version: 5.31.0.0
Toolchain Path:  C:\Keil_v5\ARM\ARMCC\Bin
C Compiler:      Armcc.exe V5.06 update 6 (build 750)
Assembler:       Armasm.exe V5.06 update 6 (build 750)
Linker/Locator:  ArmLink.exe V5.06 update 6 (build 750)
Library Manager: ArmAr.exe V5.06 update 6 (build 750)
Hex Converter:   FromElf.exe V5.06 update 6 (build 750)
CPU DLL:         SARMCM3.DLL V5.31.0.0
Dialog DLL:      DCM.DLL V1.17.3.0
Target DLL:      STLink\ST-LINKIII-KEIL_SWO.dll V3.0.7.0
Dialog DLL:      TCM.DLL V1.46.0.0
 
<h2>Project:</h2>
C:\Users\tuziz\Desktop\STM Projects\Matlab DC MOTOR\MDK-ARM\motor_extMode.uvprojx
Project File Date:  08/21/2020

<h2>Output:</h2>
*** Using Compiler 'V5.06 update 6 (build 750)', folder: 'C:\Keil_v5\ARM\ARMCC\Bin'
Rebuild target 'motor_extMode'
assembling startup_stm32f407xx.s...
compiling stm32f4xx_hal_timebase_tim.c...
compiling main.c...
compiling stm32f4xx_hal_msp.c...
compiling stm32f4xx_it.c...
compiling stm32f4xx_hal_tim.c...
compiling stm32f4xx_hal_tim_ex.c...
compiling stm32f4xx_hal_rcc.c...
compiling stm32f4xx_hal_rcc_ex.c...
compiling stm32f4xx_hal_flash_ex.c...
compiling stm32f4xx_hal_flash.c...
compiling stm32f4xx_hal_flash_ramfunc.c...
compiling stm32f4xx_hal_dma.c...
compiling stm32f4xx_hal_gpio.c...
compiling stm32f4xx_hal_dma_ex.c...
compiling stm32f4xx_hal_pwr.c...
compiling getBuffPtr.c...
compiling stm32f4xx_hal_pwr_ex.c...
compiling system_stm32f4xx.c...
compiling stm32f4xx_hal_cortex.c...
compiling stm32f4xx_hal_exti.c...
compiling stm32f4xx_hal.c...
compiling ext_svr.c...
C:/Users/tuziz/Desktop/STM Projects/Matlab DC MOTOR/motor/Src/ext_svr.c(1412): warning:  #111-D: statement is unreachable
          break;
C:/Users/tuziz/Desktop/STM Projects/Matlab DC MOTOR/motor/Src/ext_svr.c: 1 warning, 0 errors
compiling ext_work.c...
compiling rtiostream_utils.c...
compiling updown.c...
compiling ext_serial_pkt.c...
C:/Users/tuziz/Desktop/STM Projects/Matlab DC MOTOR/motor/Src/ext_serial_pkt.c(327): warning:  #111-D: statement is unreachable
                      break;
C:/Users/tuziz/Desktop/STM Projects/Matlab DC MOTOR/motor/Src/ext_serial_pkt.c: 1 warning, 0 errors
compiling stm32f4xx_hal_uart.c...
compiling rtiostream_serial_interface.c...
C:/Users/tuziz/Desktop/STM Projects/Matlab DC MOTOR/motor/Src/rtiostream_serial_interface.c(230): warning:  #191-D: type qualifier is meaningless on cast type
                                                     (const void * const) data,
C:/Users/tuziz/Desktop/STM Projects/Matlab DC MOTOR/motor/Src/rtiostream_serial_interface.c(266): warning:  #191-D: type qualifier is meaningless on cast type
                                  (const size_t)PENDING_DATA_CACHE_SIZE,
C:/Users/tuziz/Desktop/STM Projects/Matlab DC MOTOR/motor/Src/rtiostream_serial_interface.c(320): warning:  #191-D: type qualifier is meaningless on cast type
                                      (void * const) dst,
C:/Users/tuziz/Desktop/STM Projects/Matlab DC MOTOR/motor/Src/rtiostream_serial_interface.c: 3 warnings, 0 errors
compiling ext_svr_serial_transport.c...
compiling STM32SerialRtiostream.c...
compiling motor_data.c...
compiling motor.c...
compiling motor_TIM.c...
linking...
Program Size: Code=18154 RO-data=610 RW-data=364 ZI-data=3036  
FromELF: creating hex file...
"motor_extMode\motor_extMode.axf" - 0 Error(s), 5 Warning(s).

<h2>Software Packages used:</h2>

Package Vendor: ARM
                http://www.keil.com/pack/ARM.CMSIS.5.7.0.pack
                ARM.CMSIS.5.7.0
                CMSIS (Cortex Microcontroller Software Interface Standard)
   * Component: CORE Version: 5.4.0

Package Vendor: Keil
                http://www.keil.com/pack/Keil.STM32F4xx_DFP.2.14.0.pack
                Keil.STM32F4xx_DFP.2.14.0
                STMicroelectronics STM32F4 Series Device Support, Drivers and Examples

<h2>Collection of Component include folders:</h2>
  .\RTE\_motor_extMode
  C:\Users\tuziz\AppData\Local\Arm\Packs\ARM\CMSIS\5.7.0\CMSIS\Core\Include
  C:\Users\tuziz\AppData\Local\Arm\Packs\Keil\STM32F4xx_DFP\2.14.0\Drivers\CMSIS\Device\ST\STM32F4xx\Include

<h2>Collection of Component Files used:</h2>

   * Component: ARM::CMSIS:CORE:5.4.0
Build Time Elapsed:  00:00:49
</pre>
</body>
</html>
